test
+- run test T02-test 11 pass, 1 fail (12 total)
error: 't02_test.test.IS-003 symlinks are refused as final or intermediate components, even when they point inside the root' failed:
       expected error.PathEscape, found error.NotFound
       /Users/guribbong/code/ZCR-state/tasks/T02/tmp/mutants/m3-follow-symlink-kind/src/policy/paths.zig:114:39: 0x100af433b in resolve (T02-test)
               if (entry.kind != .directory) return error.NotFound;
                                             ^
       /Users/guribbong/code/ZCR-state/tasks/T02/tmp/mutants/m3-follow-symlink-kind/src/policy/capability.zig:95:30: 0x100aefc27 in authorize (T02-test)
                   const resolved = try paths.resolve(io, self.root.dir, path.bytes);
                                    ^
       /Users/guribbong/.local/share/zig/0.16.0/lib/std/testing.zig:72:13: 0x100aeece3 in expectError__anon_49358 (T02-test)
                   return error.TestUnexpectedError;
                   ^
       /Users/guribbong/code/ZCR-state/tasks/T02/tmp/mutants/m3-follow-symlink-kind/tests/t02_test.zig:207:5: 0x100afde1b in test.IS-003 symlinks are refused as final or intermediate components, even when they point inside the root (T02-test)
           try testing.expectError(error.PathEscape, authorizer.authorize(io, session(), .read, rel("src/escape-dir/secret.txt")));
           ^
failed command: cd /Users/guribbong/code/ZCR-state/tasks/T02/zig-local-cache && /Users/guribbong/code/ZCR-state/tasks/T02/zig-local-cache/o/11b620d217dc023bf5411ce7548b81bf/T02-test --cache-dir=/Users/guribbong/code/ZCR-state/tasks/T02/zig-local-cache --seed=0x6c356491 --listen=-

Build Summary: 2/4 steps succeeded (1 failed); 11/12 tests passed (1 failed)
test transitive failure
+- run test T02-test 11 pass, 1 fail (12 total)
   +- compile test T02-test Debug native success 1s MaxRSS:258M
      +- options success

error: the following build command failed with exit code 1:
/Users/guribbong/code/ZCR-state/tasks/T02/zig-local-cache/o/9eba755f0f9193364046b96ceb76bdad/build /Users/guribbong/.local/share/zig/0.16.0/zig /Users/guribbong/.local/share/zig/0.16.0/lib /Users/guribbong/code/ZCR-state/tasks/T02/tmp/mutants/m3-follow-symlink-kind /Users/guribbong/code/ZCR-state/tasks/T02/zig-local-cache /Users/guribbong/code/ZCR-state/tasks/T02/zig-global-cache --seed 0x6c356491 -Zd565efe056342242 test -Dtest-group=isolation --summary all
