test
+- run test T12-test w
T12 C01 patch pid=297 SIGKILL fresh=2 sequence=0 committed=0 aborted=0 uncertain=0
T12 C02 patch pid=417 SIGKILL fresh=2 sequence=0 committed=0 aborted=0 uncertain=0
T12 C03 patch pid=591 SIGKILL fresh=2 sequence=0 committed=0 aborted=0 uncertain=0
T12 C04 patch pid=688 SIGKILL fresh=2 sequence=0 committed=0 aborted=0 uncertain=1
T12 C05 patch pid=731 SIGKILL fresh=2 sequence=2 committed=0 aborted=1 uncertain=0
T12 C06 patch pid=774 SIGKILL fresh=2 sequence=2 committed=0 aborted=1 uncertain=0
T12 C07 patch pid=817 SIGKILL fresh=2 sequence=3 committed=1 aborted=0 uncertain=0
T12 C08 patch pid=860 SIGKILL fresh=2 sequence=3 committed=1 aborted=0 uncertain=0
T12 C09 patch pid=903 SIGKILL fresh=2 sequence=3 committed=1 aborted=0 uncertain=0
T12 C10 patch pid=946 SIGKILL fresh=2 sequence=3 committed=1 aborted=0 uncertain=0
T12 C01 create pid=989 SIGKILL fresh=2 sequence=0 committed=0 aborted=0 uncertain=0
T12 C02 create pid=1032 SIGKILL fresh=2 sequence=0 committed=0 aborted=0 uncertain=0
T12 C03 create pid=1075 SIGKILL fresh=2 sequence=0 committed=0 aborted=0 uncertain=0
T12 C04 create pid=1118 SIGKILL fresh=2 sequence=0 committed=0 aborted=0 uncertain=1
T12 C05 create pid=1161 SIGKILL fresh=2 sequence=2 committed=0 aborted=1 uncertain=0
T12 C06 create pid=1204 SIGKILL fresh=2 sequence=2 committed=0 aborted=1 uncertain=0
T12 C07 create pid=1247 SIGKILL fresh=2 sequence=3 committed=1 aborted=0 uncertain=0
T12 C08 create pid=1290 SIGKILL fresh=2 sequence=3 committed=1 aborted=0 uncertain=0
T12 C09 create pid=1333 SIGKILL fresh=2 sequence=3 committed=1 aborted=0 uncertain=0
T12 C10 create pid=1376 SIGKILL fresh=2 sequence=3 committed=1 aborted=0 uncertain=0
T12 recovery append SIGKILL verified
failed command: cd /workspace/scratch/3f4ab65dfb82/state/integration/write-ad577ab-debug/cache && /workspace/scratch/3f4ab65dfb82/state/integration/write-ad577ab-debug/cache/o/232ff9a0f48973fea357fba746579c05/T12-test --cache-dir=/workspace/scratch/3f4ab65dfb82/state/integration/write-ad577ab-debug/cache --seed=0xc4bfd97a --listen=-

Build Summary: 11/11 steps succeeded; 65/65 tests passed
test success
+- install T11-test success
|  +- compile test T11-test Debug native success 3s MaxRSS:277M
+- run test T11-test 41 pass (41 total) 1s MaxRSS:15M
|  +- compile test T11-test Debug native (reused)
+- install T12-child success
|  +- compile test T12-child Debug native success 3s MaxRSS:185M
|     +- options success
+- install T12-test success
|  +- compile test T12-test Debug native success 653ms MaxRSS:192M
|     +- options (reused)
|     +- options success
|        +- compile test T12-child Debug native (+1 more reused dependencies)
+- run test T12-test 24 pass (24 total) 12s MaxRSS:16M
   +- compile test T12-test Debug native (+2 more reused dependencies)

