test
+- run test T15-test 3 pass, 1 fail (4 total)
error: 't15_test.test.BR-005 real UDS stale grant is refused and a broker restart needs a host rebind at a new fence and the bridge does not reconnect or resend' failed:
       expected 2, found 1
       /Users/guribbong/code/ZCR-worktrees/t15-reconnect/src/broker/bridge.zig:59:29: 0x10259fbb3 in readLine (T15-test)
                       if (n == 0) return error.Disconnected;
                                   ^
       /Users/guribbong/code/ZCR-worktrees/t15-reconnect/src/broker/bridge.zig:28:26: 0x1025a0637 in connect (T15-test)
               const response = try c.readLine(&ack);
                                ^
       /Users/guribbong/code/ZCR-worktrees/t15-reconnect/tests/t15_test.zig:117:16: 0x1025a098b in connect (T15-test)
               return try broker.bridge.Client.connect(A, io, f.socket_path, f.grants[i].token, f.grants[i].config.session.security_domain);
                      ^
       /Users/guribbong/.local/share/zig/0.16.0/lib/std/testing.zig:118:17: 0x1025a0dfb in expectEqualInner__anon_38391 (T15-test)
                       return error.TestExpectedEqual;
                       ^
       /Users/guribbong/.local/share/zig/0.16.0/lib/std/testing.zig:83:5: 0x1025a1273 in expectEqual (T15-test)
           return expectEqualInner(T, expected, actual);
           ^
       /Users/guribbong/code/ZCR-worktrees/t15-reconnect/tests/t15_test.zig:769:5: 0x1025a12ff in expectAuthRefused (T15-test)
           try t.expectEqual(before + 1, f.server.?.snapshot().refused);
           ^
       /Users/guribbong/code/ZCR-worktrees/t15-reconnect/tests/t15_test.zig:801:5: 0x1025a2703 in test.BR-005 real UDS stale grant is refused and a broker restart needs a host rebind at a new fence and the bridge does not reconnect or resend (T15-test)
           try expectAuthRefused(f, f.connect(0));
           ^
failed command: cd /Users/guribbong/code/ZCR-state/tasks/T15/r/zlc && /Users/guribbong/code/ZCR-state/tasks/T15/r/zlc/o/e034e3de7483eb2604b2e10da3f256fc/T15-test --cache-dir=/Users/guribbong/code/ZCR-state/tasks/T15/r/zlc --seed=0xfba6cb7a --listen=-

Build Summary: 2/4 steps succeeded (1 failed); 3/4 tests passed (1 failed)
test transitive failure
+- run test T15-test 3 pass, 1 fail (4 total)
   +- compile test T15-test Debug native success 32s MaxRSS:285M
      +- options cached

error: the following build command failed with exit code 1:
/Users/guribbong/code/ZCR-state/tasks/T15/r/zlc/o/c7f5141f8980aec12592e9f22c535a40/build /Users/guribbong/.local/share/zig/0.16.0/zig /Users/guribbong/.local/share/zig/0.16.0/lib /Users/guribbong/code/ZCR-worktrees/t15-reconnect /Users/guribbong/code/ZCR-state/tasks/T15/r/zlc /Users/guribbong/code/ZCR-state/tasks/T15/r/zgc --seed 0xfba6cb7a -Zf65e0fbe2b5d4b8f test -Dtest-group=broker -Dtest-id=BR-005 -Doptimize=Debug --summary all
