test
+- run test T15-test 3 pass, 1 fail (4 total)
error: 't15_test.test.BR-005 real UDS broker restart refuses the stale grant until a host rebind at a new fence and the bridge does not reconnect or resend' failed:
       /Users/guribbong/code/ZCR-state/tasks/T15/r/c-ignore_fence/src/workspace/registry.zig:366:9: 0x1002970bf in validateSession (T15-test)
               return error.OutOfScope;
               ^
       /Users/guribbong/code/ZCR-state/tasks/T15/r/c-ignore_fence/src/broker/server.zig:94:13: 0x1001cdb33 in create (T15-test)
                   try config.registry.validateSession(g.config.session, config.registry.bootNonce());
                   ^
       /Users/guribbong/code/ZCR-state/tasks/T15/r/c-ignore_fence/tests/t15_test.zig:113:20: 0x1001cf51b in start (T15-test)
               f.server = try broker.Server.create(f.config());
                          ^
       /Users/guribbong/code/ZCR-state/tasks/T15/r/c-ignore_fence/tests/t15_test.zig:795:5: 0x1001d2207 in test.BR-005 real UDS broker restart refuses the stale grant until a host rebind at a new fence and the bridge does not reconnect or resend (T15-test)
           try f.start();
           ^
failed command: cd /Users/guribbong/code/ZCR-state/tasks/T15/r/mf && /Users/guribbong/code/ZCR-state/tasks/T15/r/mf/o/ea8c7cfa437a59c7be2343ca62b0ff95/T15-test --cache-dir=/Users/guribbong/code/ZCR-state/tasks/T15/r/mf --seed=0x32091b6d --listen=-

Build Summary: 2/4 steps succeeded (1 failed); 3/4 tests passed (1 failed)
test transitive failure
+- run test T15-test 3 pass, 1 fail (4 total)
   +- compile test T15-test Debug native success 36s MaxRSS:227M
      +- options cached

error: the following build command failed with exit code 1:
/Users/guribbong/code/ZCR-state/tasks/T15/r/mf/o/f73c3388e88e2a4fe1e8f77ca63d50d0/build /Users/guribbong/.local/share/zig/0.16.0/zig /Users/guribbong/.local/share/zig/0.16.0/lib /Users/guribbong/code/ZCR-state/tasks/T15/r/c-ignore_fence /Users/guribbong/code/ZCR-state/tasks/T15/r/mf /Users/guribbong/code/ZCR-state/tasks/T15/r/zgc --seed 0x32091b6d -Z2c31a3ba892943a8 test -Dtest-group=broker -Dtest-id=BR-005 -Doptimize=Debug --summary all
