test
+- run test T15-test 3 pass, 1 fail (4 total)
error: 't15_test.test.BR-005 real UDS stale grant is refused and a broker restart needs a host rebind at a new fence and the bridge does not reconnect or resend' failed:
       expected error.FenceMismatch, found error.LeaseExpired
       /Users/guribbong/code/ZCR-state/tasks/T15/r/c-ignore_fence/src/workspace/registry.zig:404:57: 0x10037c987 in authorizeTask (T15-test)
               if (!e.managed_write or !allowsWrite(e.policy)) return error.LeaseExpired;
                                                               ^
       /Users/guribbong/code/ZCR-state/tasks/T15/r/c-ignore_fence/src/workspace/registry.zig:411:9: 0x10037bbe7 in acquireWriter (T15-test)
               try self.authorizeTask(e, task, wall);
               ^
       /Users/guribbong/.local/share/zig/0.16.0/lib/std/testing.zig:72:13: 0x100375903 in expectError__anon_38472 (T15-test)
                   return error.TestUnexpectedError;
                   ^
       /Users/guribbong/code/ZCR-state/tasks/T15/r/c-ignore_fence/tests/t15_test.zig:818:5: 0x100376c93 in test.BR-005 real UDS stale grant is refused and a broker restart needs a host rebind at a new fence and the bridge does not reconnect or resend (T15-test)
           try t.expectError(error.FenceMismatch, f.registry.acquireWriter(old_task, session.bound_workspace));
           ^
failed command: cd /Users/guribbong/code/ZCR-state/tasks/T15/r/mf && /Users/guribbong/code/ZCR-state/tasks/T15/r/mf/o/bb46ece0fa4e755df2cb07177ac20d56/T15-test --cache-dir=/Users/guribbong/code/ZCR-state/tasks/T15/r/mf --seed=0xebf3b20c --listen=-

Build Summary: 2/4 steps succeeded (1 failed); 3/4 tests passed (1 failed)
test transitive failure
+- run test T15-test 3 pass, 1 fail (4 total)
   +- compile test T15-test Debug native success 31s MaxRSS:283M
      +- options cached

error: the following build command failed with exit code 1:
/Users/guribbong/code/ZCR-state/tasks/T15/r/mf/o/f73c3388e88e2a4fe1e8f77ca63d50d0/build /Users/guribbong/.local/share/zig/0.16.0/zig /Users/guribbong/.local/share/zig/0.16.0/lib /Users/guribbong/code/ZCR-state/tasks/T15/r/c-ignore_fence /Users/guribbong/code/ZCR-state/tasks/T15/r/mf /Users/guribbong/code/ZCR-state/tasks/T15/r/zgc --seed 0xebf3b20c -Za382337a785eae1c test -Dtest-group=broker -Dtest-id=BR-005 -Doptimize=Debug --summary all
