test
+- run test T15-test 3 pass, 1 crash (4 total)
error: 't15_test.test.BR-005 real UDS stale grant is refused and a broker restart needs a host rebind at a new fence and the bridge does not reconnect or resend' terminated with signal ABRT with stderr:
       Segmentation fault at address 0x16decde70
       /Users/guribbong/code/ZCR-worktrees/t15-reconnect/tests/t15_test.zig:58: 0x100f10e88 in initWithIo (T15-test)
           fn initWithIo(count: usize, io_permits: u32) !*Fixture {
       
       /Users/guribbong/code/ZCR-worktrees/t15-reconnect/tests/t15_test.zig:56:26: 0x100f1726f in init (T15-test)
               return initWithIo(count, 2);
                                ^
       /Users/guribbong/.local/share/zig/0.16.0/lib/compiler/test_runner.zig:140:68: 0x100fa8747 in mainServer (T15-test)
                       const status: TestResults.Status = if (test_fn.func()) |v| s: {
                                                                          ^
       /Users/guribbong/.local/share/zig/0.16.0/lib/compiler/test_runner.zig:71:26: 0x100fa7e67 in main (T15-test)
               return mainServer(init) catch |err| panic("internal test runner failure: {t}", .{err});
                                ^
       ???:?:?: 0x180a244e3 in start (/usr/lib/dyld)
failed command: cd /Users/guribbong/code/ZCR-state/tasks/T15/r/zlc-rs && /Users/guribbong/code/ZCR-state/tasks/T15/r/zlc-rs/o/dc6152a0c0d4542788077ce920033a18/T15-test --cache-dir=/Users/guribbong/code/ZCR-state/tasks/T15/r/zlc-rs --seed=0x74bd8fb0 --listen=-

Build Summary: 2/4 steps succeeded (1 failed); 3/4 tests passed (1 crashed)
test transitive failure
+- run test T15-test 3 pass, 1 crash (4 total)
   +- compile test T15-test ReleaseSafe native success 1m MaxRSS:406M
      +- options success

error: the following build command failed with exit code 1:
/Users/guribbong/code/ZCR-state/tasks/T15/r/zlc-rs/o/f73c3388e88e2a4fe1e8f77ca63d50d0/build /Users/guribbong/.local/share/zig/0.16.0/zig /Users/guribbong/.local/share/zig/0.16.0/lib /Users/guribbong/code/ZCR-worktrees/t15-reconnect /Users/guribbong/code/ZCR-state/tasks/T15/r/zlc-rs /Users/guribbong/code/ZCR-state/tasks/T15/r/zgc --seed 0x74bd8fb0 -Z348d358c9be318b3 test -Dtest-group=broker -Dtest-id=BR-005 -Doptimize=ReleaseSafe --summary all
