test
+- run test T06-test 9 pass, 1 fail, 1 crash (11 total)
error: 't06_test.test.SR-006 same-size rewrites are caught by the version check or by the match bytes' terminated with signal ABRT with stderr:
       thread 27193534 panic: attempt to use null value
       /Users/guribbong/code/ZCR-state/tasks/T06/tmp/mutants/m12-no-retry/tests/t06_test.zig:467:63: 0x103119727 in test.SR-006 same-size rewrites are caught by the version check or by the match bytes (T06-test)
           try expectFileMatchesOracle(h.arena, retried.find("a.txt").?, more, "key", 0);
                                                                     ^
       /Users/guribbong/.local/share/zig/0.16.0/lib/compiler/test_runner.zig:140:68: 0x1030bf12f in mainServer (T06-test)
                       const status: TestResults.Status = if (test_fn.func()) |v| s: {
                                                                          ^
       /Users/guribbong/.local/share/zig/0.16.0/lib/compiler/test_runner.zig:71:26: 0x1030bf7df in main (T06-test)
               return mainServer(init) catch |err| panic("internal test runner failure: {t}", .{err});
                                ^
       /Users/guribbong/.local/share/zig/0.16.0/lib/std/start.zig:699:88: 0x1030bd5a3 in callMain (T06-test)
           if (fn_info.params[0].type.? == std.process.Init.Minimal) return wrapMain(root.main(.{
                                                                                              ^
       ???:?:?: 0x1862504e3 in start (/usr/lib/dyld)
error: 't06_test.test.SR-006 a file that changes between scan and context read is retried once or skipped, never mixed' failed:
       expected 1, found 0
       /Users/guribbong/.local/share/zig/0.16.0/lib/std/testing.zig:118:17: 0x10305271b in expectEqualInner__anon_37715 (T06-test)
                       return error.TestExpectedEqual;
                       ^
       /Users/guribbong/.local/share/zig/0.16.0/lib/std/testing.zig:83:5: 0x10308319f in expectEqual (T06-test)
           return expectEqualInner(T, expected, actual);
           ^
       /Users/guribbong/code/ZCR-state/tasks/T06/tmp/mutants/m12-no-retry/tests/t06_test.zig:495:5: 0x103083243 in test.SR-006 a file that changes between scan and context read is retried once or skipped, never mixed (T06-test)
           try testing.expectEqual(@as(usize, 1), retried.files.items.len);
           ^
failed command: cd /Users/guribbong/code/ZCR-state/tasks/T06/zig-local-cache && /Users/guribbong/code/ZCR-state/tasks/T06/zig-local-cache/o/b0561a9a629863af95cf62191e69e394/T06-test --cache-dir=/Users/guribbong/code/ZCR-state/tasks/T06/zig-local-cache --seed=0xfceb776a --listen=-

Build Summary: 1/3 steps succeeded (1 failed); 9/11 tests passed (1 failed, 1 crashed)
test transitive failure
+- run test T06-test 9 pass, 1 fail, 1 crash (11 total)
   +- compile test T06-test Debug native success 5s MaxRSS:268M

error: the following build command failed with exit code 1:
/Users/guribbong/code/ZCR-state/tasks/T06/zig-local-cache/o/ce59de40176ab3ab39ded0a6edd5fd7e/build /Users/guribbong/.local/share/zig/0.16.0/zig /Users/guribbong/.local/share/zig/0.16.0/lib /Users/guribbong/code/ZCR-state/tasks/T06/tmp/mutants/m12-no-retry /Users/guribbong/code/ZCR-state/tasks/T06/zig-local-cache /Users/guribbong/code/ZCR-state/tasks/T06/zig-global-cache --seed 0xfceb776a -Zd070b12d070051b2 test -Dtest-group=search --summary all
