test
+- run test T06-test 10 pass, 1 fail (11 total)
error: 't06_test.test.SR-004 binary, invalid UTF-8 and oversized files are skipped with exact coverage' failed:
       expected 1, found 2
       /Users/guribbong/.local/share/zig/0.16.0/lib/std/testing.zig:118:17: 0x104ec271b in expectEqualInner__anon_37715 (T06-test)
                       return error.TestExpectedEqual;
                       ^
       /Users/guribbong/.local/share/zig/0.16.0/lib/std/testing.zig:83:5: 0x104efcda7 in expectEqual (T06-test)
           return expectEqualInner(T, expected, actual);
           ^
       /Users/guribbong/code/ZCR-state/tasks/T06/tmp/mutants/m13-no-oversize/tests/t06_test.zig:317:5: 0x104efce3f in test.SR-004 binary, invalid UTF-8 and oversized files are skipped with exact coverage (T06-test)
           try testing.expectEqual(@as(usize, 1), collector.files.items.len);
           ^
failed command: cd /Users/guribbong/code/ZCR-state/tasks/T06/zig-local-cache && /Users/guribbong/code/ZCR-state/tasks/T06/zig-local-cache/o/a15069f049bc24c6a88541683a22e385/T06-test --cache-dir=/Users/guribbong/code/ZCR-state/tasks/T06/zig-local-cache --seed=0xc33d04bb --listen=-

Build Summary: 1/3 steps succeeded (1 failed); 10/11 tests passed (1 failed)
test transitive failure
+- run test T06-test 10 pass, 1 fail (11 total)
   +- compile test T06-test Debug native success 30s MaxRSS:182M

error: the following build command failed with exit code 1:
/Users/guribbong/code/ZCR-state/tasks/T06/zig-local-cache/o/ce59de40176ab3ab39ded0a6edd5fd7e/build /Users/guribbong/.local/share/zig/0.16.0/zig /Users/guribbong/.local/share/zig/0.16.0/lib /Users/guribbong/code/ZCR-state/tasks/T06/tmp/mutants/m13-no-oversize /Users/guribbong/code/ZCR-state/tasks/T06/zig-local-cache /Users/guribbong/code/ZCR-state/tasks/T06/zig-global-cache --seed 0xc33d04bb -Ze3a127d866eed032 test -Dtest-group=search --summary all
