test
+- run test T06-test 10 pass, 1 fail (11 total)
error: 't06_test.test.SR-001 tiny chunks over random files never duplicate or miss a match' failed:
       expected 6, found 7
       chunk=1 literal=aba
       /Users/guribbong/.local/share/zig/0.16.0/lib/std/testing.zig:118:17: 0x102f5a71b in expectEqualInner__anon_37715 (T06-test)
                       return error.TestExpectedEqual;
                       ^
       /Users/guribbong/.local/share/zig/0.16.0/lib/std/testing.zig:83:5: 0x102f8a703 in expectEqual (T06-test)
           return expectEqualInner(T, expected, actual);
           ^
       /Users/guribbong/code/ZCR-state/tasks/T06/tmp/mutants/m14-overlapping-matches/tests/t06_test.zig:181:5: 0x102f8a773 in expectFileMatchesOracle (T06-test)
           try testing.expectEqual(expected.len, hit.matches.len);
           ^
       /Users/guribbong/code/ZCR-state/tasks/T06/tmp/mutants/m14-overlapping-matches/tests/t06_test.zig:244:17: 0x102f9718f in test.SR-001 tiny chunks over random files never duplicate or miss a match (T06-test)
                       return err;
                       ^
failed command: cd /Users/guribbong/code/ZCR-state/tasks/T06/zig-local-cache && /Users/guribbong/code/ZCR-state/tasks/T06/zig-local-cache/o/663f0f6c9debe135ecee0c1e1d3f8a08/T06-test --cache-dir=/Users/guribbong/code/ZCR-state/tasks/T06/zig-local-cache --seed=0x683a9472 --listen=-

Build Summary: 1/3 steps succeeded (1 failed); 10/11 tests passed (1 failed)
test transitive failure
+- run test T06-test 10 pass, 1 fail (11 total)
   +- compile test T06-test Debug native success 15s MaxRSS:201M

error: the following build command failed with exit code 1:
/Users/guribbong/code/ZCR-state/tasks/T06/zig-local-cache/o/ce59de40176ab3ab39ded0a6edd5fd7e/build /Users/guribbong/.local/share/zig/0.16.0/zig /Users/guribbong/.local/share/zig/0.16.0/lib /Users/guribbong/code/ZCR-state/tasks/T06/tmp/mutants/m14-overlapping-matches /Users/guribbong/code/ZCR-state/tasks/T06/zig-local-cache /Users/guribbong/code/ZCR-state/tasks/T06/zig-global-cache --seed 0x683a9472 -Zf7217a0ac8fa5269 test -Dtest-group=search --summary all
