test
+- run test T06-test 8 pass, 3 fail (11 total)
error: 't06_test.test.SR-001 a literal across the 256 KiB chunk boundary matches the scalar oracle exactly once' failed:
       expected 4, found 2
       /Users/guribbong/.local/share/zig/0.16.0/lib/std/testing.zig:118:17: 0x10446671b in expectEqualInner__anon_37715 (T06-test)
                       return error.TestExpectedEqual;
                       ^
       /Users/guribbong/.local/share/zig/0.16.0/lib/std/testing.zig:83:5: 0x10449672f in expectEqual (T06-test)
           return expectEqualInner(T, expected, actual);
           ^
       /Users/guribbong/code/ZCR-state/tasks/T06/tmp/mutants/m2-no-overlap/tests/t06_test.zig:181:5: 0x10449679f in expectFileMatchesOracle (T06-test)
           try testing.expectEqual(expected.len, hit.matches.len);
           ^
       /Users/guribbong/code/ZCR-state/tasks/T06/tmp/mutants/m2-no-overlap/tests/t06_test.zig:215:5: 0x1044a4b9b in test.SR-001 a literal across the 256 KiB chunk boundary matches the scalar oracle exactly once (T06-test)
           try expectFileMatchesOracle(h.arena, collector.files.items[0], bytes, literal, 1);
           ^
error: 't06_test.test.SR-001 tiny chunks over random files never duplicate or miss a match' failed:
       expected 1, found 0
       /Users/guribbong/.local/share/zig/0.16.0/lib/std/testing.zig:118:17: 0x10446671b in expectEqualInner__anon_37715 (T06-test)
                       return error.TestExpectedEqual;
                       ^
       /Users/guribbong/.local/share/zig/0.16.0/lib/std/testing.zig:83:5: 0x1044a2fdf in expectEqual (T06-test)
           return expectEqualInner(T, expected, actual);
           ^
       /Users/guribbong/code/ZCR-state/tasks/T06/tmp/mutants/m2-no-overlap/tests/t06_test.zig:241:13: 0x1044a3083 in test.SR-001 tiny chunks over random files never duplicate or miss a match (T06-test)
                   try testing.expectEqual(@as(usize, 1), collector.files.items.len);
                   ^
error: 't06_test.test.SR-004 binary, invalid UTF-8 and oversized files are skipped with exact coverage' failed:
       expected 1, found 0
       /Users/guribbong/.local/share/zig/0.16.0/lib/std/testing.zig:118:17: 0x10446671b in expectEqualInner__anon_37715 (T06-test)
                       return error.TestExpectedEqual;
                       ^
       /Users/guribbong/.local/share/zig/0.16.0/lib/std/testing.zig:83:5: 0x1044a0e67 in expectEqual (T06-test)
           return expectEqualInner(T, expected, actual);
           ^
       /Users/guribbong/code/ZCR-state/tasks/T06/tmp/mutants/m2-no-overlap/tests/t06_test.zig:317:5: 0x1044a0eff in test.SR-004 binary, invalid UTF-8 and oversized files are skipped with exact coverage (T06-test)
           try testing.expectEqual(@as(usize, 1), collector.files.items.len);
           ^
failed command: cd /Users/guribbong/code/ZCR-state/tasks/T06/zig-local-cache && /Users/guribbong/code/ZCR-state/tasks/T06/zig-local-cache/o/442029a6b9e89e73e0644daedd00d253/T06-test --cache-dir=/Users/guribbong/code/ZCR-state/tasks/T06/zig-local-cache --seed=0x2520bea8 --listen=-

Build Summary: 1/3 steps succeeded (1 failed); 8/11 tests passed (3 failed)
test transitive failure
+- run test T06-test 8 pass, 3 fail (11 total)
   +- compile test T06-test Debug native success 1s MaxRSS:300M

error: the following build command failed with exit code 1:
/Users/guribbong/code/ZCR-state/tasks/T06/zig-local-cache/o/ce59de40176ab3ab39ded0a6edd5fd7e/build /Users/guribbong/.local/share/zig/0.16.0/zig /Users/guribbong/.local/share/zig/0.16.0/lib /Users/guribbong/code/ZCR-state/tasks/T06/tmp/mutants/m2-no-overlap /Users/guribbong/code/ZCR-state/tasks/T06/zig-local-cache /Users/guribbong/code/ZCR-state/tasks/T06/zig-global-cache --seed 0x2520bea8 -Z8b610dd3916d8d09 test -Dtest-group=search --summary all
