test
+- run test T06-test 10 pass, 1 fail (11 total)
error: 't06_test.test.SR-004 binary, invalid UTF-8 and oversized files are skipped with exact coverage' failed:
       expected 1, found 3
       /Users/guribbong/.local/share/zig/0.16.0/lib/std/testing.zig:118:17: 0x10100271b in expectEqualInner__anon_37715 (T06-test)
                       return error.TestExpectedEqual;
                       ^
       /Users/guribbong/.local/share/zig/0.16.0/lib/std/testing.zig:83:5: 0x10103cd9b in expectEqual (T06-test)
           return expectEqualInner(T, expected, actual);
           ^
       /Users/guribbong/code/ZCR-state/tasks/T06/tmp/mutants/m5-no-binary/tests/t06_test.zig:317:5: 0x10103ce33 in test.SR-004 binary, invalid UTF-8 and oversized files are skipped with exact coverage (T06-test)
           try testing.expectEqual(@as(usize, 1), collector.files.items.len);
           ^
failed command: cd /Users/guribbong/code/ZCR-state/tasks/T06/zig-local-cache && /Users/guribbong/code/ZCR-state/tasks/T06/zig-local-cache/o/e1f4f613e74e1b8643182f95151c6e8f/T06-test --cache-dir=/Users/guribbong/code/ZCR-state/tasks/T06/zig-local-cache --seed=0x4be82849 --listen=-

Build Summary: 1/3 steps succeeded (1 failed); 10/11 tests passed (1 failed)
test transitive failure
+- run test T06-test 10 pass, 1 fail (11 total)
   +- compile test T06-test Debug native success 3s MaxRSS:300M

error: the following build command failed with exit code 1:
/Users/guribbong/code/ZCR-state/tasks/T06/zig-local-cache/o/ce59de40176ab3ab39ded0a6edd5fd7e/build /Users/guribbong/.local/share/zig/0.16.0/zig /Users/guribbong/.local/share/zig/0.16.0/lib /Users/guribbong/code/ZCR-state/tasks/T06/tmp/mutants/m5-no-binary /Users/guribbong/code/ZCR-state/tasks/T06/zig-local-cache /Users/guribbong/code/ZCR-state/tasks/T06/zig-global-cache --seed 0x4be82849 -Z1e07285c5d73524e test -Dtest-group=search --summary all
