test
+- run test T06-test 9 pass, 2 fail (11 total)
error: 't06_test.test.SR-006 same-size rewrites are caught by the version check or by the match bytes' failed:
       expected 2, found 1
       /Users/guribbong/.local/share/zig/0.16.0/lib/std/testing.zig:118:17: 0x100e2271b in expectEqualInner__anon_37715 (T06-test)
                       return error.TestExpectedEqual;
                       ^
       /Users/guribbong/.local/share/zig/0.16.0/lib/std/testing.zig:83:5: 0x100e52597 in expectEqual (T06-test)
           return expectEqualInner(T, expected, actual);
           ^
       /Users/guribbong/code/ZCR-state/tasks/T06/tmp/mutants/m7b-no-version-recheck/tests/t06_test.zig:181:5: 0x100e52607 in expectFileMatchesOracle (T06-test)
           try testing.expectEqual(expected.len, hit.matches.len);
           ^
       /Users/guribbong/code/ZCR-state/tasks/T06/tmp/mutants/m7b-no-version-recheck/tests/t06_test.zig:467:5: 0x100e59673 in test.SR-006 same-size rewrites are caught by the version check or by the match bytes (T06-test)
           try expectFileMatchesOracle(h.arena, retried.find("a.txt").?, more, "key", 0);
           ^
error: 't06_test.test.SR-006 a file that changes between scan and context read is retried once or skipped, never mixed' failed:
       expected 0, found 1
       /Users/guribbong/.local/share/zig/0.16.0/lib/std/testing.zig:118:17: 0x100e2271b in expectEqualInner__anon_37715 (T06-test)
                       return error.TestExpectedEqual;
                       ^
       /Users/guribbong/.local/share/zig/0.16.0/lib/std/testing.zig:83:5: 0x100e534fb in expectEqual (T06-test)
           return expectEqualInner(T, expected, actual);
           ^
       /Users/guribbong/code/ZCR-state/tasks/T06/tmp/mutants/m7b-no-version-recheck/tests/t06_test.zig:504:5: 0x100e535c7 in test.SR-006 a file that changes between scan and context read is retried once or skipped, never mixed (T06-test)
           try testing.expectEqual(@as(usize, 0), skipped.files.items.len);
           ^
failed command: cd /Users/guribbong/code/ZCR-state/tasks/T06/zig-local-cache && /Users/guribbong/code/ZCR-state/tasks/T06/zig-local-cache/o/2945560ce5ce26d0f591ff67d7e362a7/T06-test --cache-dir=/Users/guribbong/code/ZCR-state/tasks/T06/zig-local-cache --seed=0x791c24ac --listen=-

Build Summary: 1/3 steps succeeded (1 failed); 9/11 tests passed (2 failed)
test transitive failure
+- run test T06-test 9 pass, 2 fail (11 total)
   +- compile test T06-test Debug native success 3s MaxRSS:235M

error: the following build command failed with exit code 1:
/Users/guribbong/code/ZCR-state/tasks/T06/zig-local-cache/o/ce59de40176ab3ab39ded0a6edd5fd7e/build /Users/guribbong/.local/share/zig/0.16.0/zig /Users/guribbong/.local/share/zig/0.16.0/lib /Users/guribbong/code/ZCR-state/tasks/T06/tmp/mutants/m7b-no-version-recheck /Users/guribbong/code/ZCR-state/tasks/T06/zig-local-cache /Users/guribbong/code/ZCR-state/tasks/T06/zig-global-cache --seed 0x791c24ac -Zc403dba0f12f54d6 test -Dtest-group=search --summary all
