test
+- run test T03-test 11 pass, 1 fail (12 total)
error: 't03_test.test.T03 profiles map RAM to caps and budgets release exactly once' failed:
       expected 1, found 0
       /Users/guribbong/.local/share/zig/0.16.0/lib/std/testing.zig:118:17: 0x1026d58f3 in expectEqualInner__anon_36481 (T03-test)
                       return error.TestExpectedEqual;
                       ^
       /Users/guribbong/.local/share/zig/0.16.0/lib/std/testing.zig:83:5: 0x1026d8fdb in expectEqual (T03-test)
           return expectEqualInner(T, expected, actual);
           ^
       /Users/guribbong/code/ZCR-state/tasks/T03/tmp/mutants/m7-no-double-release-guard/tests/t03_test.zig:459:5: 0x1026d9077 in test.T03 profiles map RAM to caps and budgets release exactly once (T03-test)
           try testing.expectEqual(@as(u64, 1), counters.snapshot().double_releases);
           ^
failed command: cd /Users/guribbong/code/ZCR-state/tasks/T03/zig-local-cache && /Users/guribbong/code/ZCR-state/tasks/T03/zig-local-cache/o/99764a31fee1f7dca948ed6d8efc833e/T03-test --cache-dir=/Users/guribbong/code/ZCR-state/tasks/T03/zig-local-cache --seed=0xcba51c26 --listen=-

Build Summary: 1/3 steps succeeded (1 failed); 11/12 tests passed (1 failed)
test transitive failure
+- run test T03-test 11 pass, 1 fail (12 total)
   +- compile test T03-test Debug native success 16s MaxRSS:171M

error: the following build command failed with exit code 1:
/Users/guribbong/code/ZCR-state/tasks/T03/zig-local-cache/o/c850a37cb4f46cd01dfc71be12bb7085/build /Users/guribbong/.local/share/zig/0.16.0/zig /Users/guribbong/.local/share/zig/0.16.0/lib /Users/guribbong/code/ZCR-state/tasks/T03/tmp/mutants/m7-no-double-release-guard /Users/guribbong/code/ZCR-state/tasks/T03/zig-local-cache /Users/guribbong/code/ZCR-state/tasks/T03/zig-global-cache --seed 0xcba51c26 -Z7831bffd1e777f49 test -Dtest-group=memory --summary all
