test
+- run test T03-test 11 pass, 1 fail (12 total)
error: 't03_test.test.ME-001 an Nth allocation failure in any phase leaves the original and returns every reservation' failed:
       ====== expected this output: =========
       original contents
       ␃
       
       ======== instead found this: =========
       patched
       original contents
       ␃
       
       ======================================
       First difference occurs on line 1:
       expected:
       original contents
       ^ ('\x6f')
       found:
       patched
       ^ ('\x70')
       /Users/guribbong/.local/share/zig/0.16.0/lib/std/testing.zig:682:9: 0x104dba1ff in expectEqualStrings (T03-test)
               return error.TestExpectedEqual;
               ^
       /Users/guribbong/code/ZCR-state/tasks/T03/tmp/mutants/m8-fault-off-by-one/tests/t03_test.zig:285:9: 0x104dbaa1b in test.ME-001 an Nth allocation failure in any phase leaves the original and returns every reservation (T03-test)
               try testing.expectEqualStrings(original, now);
               ^
failed command: cd /Users/guribbong/code/ZCR-state/tasks/T03/zig-local-cache && /Users/guribbong/code/ZCR-state/tasks/T03/zig-local-cache/o/6795b1bd352d1413888e5288fb9972af/T03-test --cache-dir=/Users/guribbong/code/ZCR-state/tasks/T03/zig-local-cache --seed=0x8e159a90 --listen=-

Build Summary: 1/3 steps succeeded (1 failed); 11/12 tests passed (1 failed)
test transitive failure
+- run test T03-test 11 pass, 1 fail (12 total)
   +- compile test T03-test Debug native success 27s MaxRSS:171M

error: the following build command failed with exit code 1:
/Users/guribbong/code/ZCR-state/tasks/T03/zig-local-cache/o/c850a37cb4f46cd01dfc71be12bb7085/build /Users/guribbong/.local/share/zig/0.16.0/zig /Users/guribbong/.local/share/zig/0.16.0/lib /Users/guribbong/code/ZCR-state/tasks/T03/tmp/mutants/m8-fault-off-by-one /Users/guribbong/code/ZCR-state/tasks/T03/zig-local-cache /Users/guribbong/code/ZCR-state/tasks/T03/zig-global-cache --seed 0x8e159a90 -Z38455e730070cffe test -Dtest-group=memory --summary all
