1/19 t15_test.test.BR-004 unit broker rejects wrong token instead of treating same uid as authority...OK
2/19 t15_test.test.BR-004 unit broker rejects another user and another sandbox domain...OK
3/19 t15_test.test.BR-004 unit policy intersection refuses broader scope operations and missing denies...OK
4/19 t15_test.test.BR-001 unit four compatible cache facades share content and hold charged pins...OK
5/19 t15_test.test.BR-001 unit broker refuses independent budgets inflated CPU and mismatched cache binding...OK
6/19 t15_test.test.BR-003 unit bridge and output credit share global group refusal and release...OK
7/19 t15_test.test.BR-005 unit reconnect never resends uncertain write and queries receipt only...OK
8/19 t15_test.test.BR-004 unit token randomness and private parent check preserve host files...OK
9/19 t15_test.test.BR-005 unit bridge cancellation cannot open a socket or replay a request...OK
10/19 t15_test.test.BR-001 unit constructor allocation refusal leaves group reservations and handles intact...OK
11/19 t15_test.test.BR-005 unit reconnect mismatched receipt stays uncertain without new write...OK
12/19 t15_test.test.BR-003 unit review EOF preserves final readable stdin frame...OK
13/19 t15_test.test.BR-004 unit review active ID cancellation is scoped and recognizes escaped string IDs...OK
14/19 t15_test.test.BR-003 unit review health uses retained control credit under global saturation...OK
15/19 t15_test.test.BR-001 unit review executor frame claims an IO permit...OK
16/19 t15_test.test.BR-004 unit review grant authorizer root must match registered root without cache facade...OK
17/19 t15_test.test.BR-004 unit wave2 cancellation binds preceding buffered IDs and survives compaction...OK
18/19 t15_test.test.BR-004 unit pre-submit cancellation preserves request ID and skips filesystem dispatch...OK
19/19 t15_test.test.BR-003 unit wave2 failed outbound send drains retained inbound before disconnect...OK
All 19 tests passed.
