test
+- run test T01-broker-cli-test 2 pass, 1 fail (3 total)
error: 'broker_cli_test.test.BR-004 zcr broker serve refuses a token on argv and a policy without broker_allowed' failed:
       /Users/guribbong/.local/share/zig/0.16.0/lib/std/testing.zig:615:14: 0x104b59847 in expect (T01-broker-cli-test)
           if (!ok) return error.TestUnexpectedResult;
                    ^
       /Users/guribbong/code/ZCR-state/tasks/T01/bc/c-ignore_broker_allowed/tests/broker_cli_test.zig:231:5: 0x104b5c9eb in test.BR-004 zcr broker serve refuses a token on argv and a policy without broker_allowed (T01-broker-cli-test)
           try t.expect(std.mem.indexOf(u8, try readAll(a, broker.stderr.?), "refused") != null);
           ^
failed command: cd /Users/guribbong/code/ZCR-state/tasks/T01/bc/mi && /Users/guribbong/code/ZCR-state/tasks/T01/bc/mi/o/d7671eac4a6019d0b382d7527eda8cad/T01-broker-cli-test --cache-dir=/Users/guribbong/code/ZCR-state/tasks/T01/bc/mi --seed=0x4daf158f --listen=-

Build Summary: 4/6 steps succeeded (1 failed); 2/3 tests passed (1 failed)
test transitive failure
+- run test T01-broker-cli-test 2 pass, 1 fail (3 total)
   +- compile test T01-broker-cli-test Debug native success 18s MaxRSS:204M
      +- options success
      +- options success
         +- compile exe zcr Debug native success 31s MaxRSS:250M
            +- options (reused)

error: the following build command failed with exit code 1:
/Users/guribbong/code/ZCR-state/tasks/T01/bc/mi/o/5f15203ba6d2bbbd6399c942228aeef5/build /Users/guribbong/.local/share/zig/0.16.0/zig /Users/guribbong/.local/share/zig/0.16.0/lib /Users/guribbong/code/ZCR-state/tasks/T01/bc/c-ignore_broker_allowed /Users/guribbong/code/ZCR-state/tasks/T01/bc/mi /Users/guribbong/code/ZCR-state/tasks/T01/bc/zgc --seed 0x4daf158f -Zb66a8a45cdeb734b test -Dtest-group=broker -Dtest-id=BR-004 zcr -Doptimize=Debug --summary all
