test
+- run test T05-test 0 pass, 1 fail (1 total)
error: 't05_test.test.FS-005 an unreadable ignore file cannot silently expose its excluded subtree' failed:
       expected (1):
         visible.txt
       actual (3):
         private/.gitignore
         private/secret.txt
         visible.txt
       /workspace/scratch/3f4ab65dfb82/ZCR-legacy/tests/t05_test.zig:174:9: 0x1230c7a in expectSameSet (t05_test.zig)
               return error.TestExpectedEqual;
               ^
       /workspace/scratch/3f4ab65dfb82/ZCR-legacy/tests/t05_test.zig:241:5: 0x123171c in test.FS-005 an unreadable ignore file cannot silently expose its excluded subtree (t05_test.zig)
           try expectSameSet(&.{"visible.txt"}, collector.sorted());
           ^
failed command: cd /workspace/scratch/3f4ab65dfb82/state/legacy/zig-local-cache && /workspace/scratch/3f4ab65dfb82/state/legacy/zig-local-cache/o/27c4a849ab81278f7bb78466a844e7de/T05-test --cache-dir=/workspace/scratch/3f4ab65dfb82/state/legacy/zig-local-cache --seed=0xa3fda991 --listen=-

Build Summary: 2/4 steps succeeded (1 failed); 0/1 tests passed (1 failed)
test transitive failure
+- run test T05-test 0 pass, 1 fail (1 total)

error: the following build command failed with exit code 1:
/workspace/scratch/3f4ab65dfb82/state/legacy/zig-local-cache/o/f28d12be414d247ec5da67365b4abafb/build /workspace/scratch/3f4ab65dfb82/toolchain/ziglang/zig /workspace/scratch/3f4ab65dfb82/toolchain/ziglang/lib /workspace/scratch/3f4ab65dfb82/ZCR-legacy /workspace/scratch/3f4ab65dfb82/state/legacy/zig-local-cache /workspace/scratch/3f4ab65dfb82/state/legacy/zig-global-cache --seed 0xa3fda991 -Za7121aee953333ce test -Dtest-group=fs -Dtest-id=unreadable ignore -Dinstall-tests=true -Doptimize=Debug --prefix /workspace/scratch/3f4ab65dfb82/state/legacy/out/red-unreadable
