test
+- run test T05-test
   +- compile test T05-test Debug native 2 errors
tests/t05_test.zig:215:24: error: root source file struct 'traverse' has no member named 'IgnoreFault'
    var fault: traverse.IgnoreFault = .{ .before_open = IgnoreSwap.swap, .context = &swap };
               ~~~~~~~~^~~~~~~~~~~~
src/fs/traverse.zig:1:1: note: struct declared here
//! Git-aware streaming traversal (T05, I04; docs/05 §6, docs/07 §3, docs/11 §4).
^~~~~~~~~~~~~~~~~~~~~~~~~~~~~~~~~~~~~~~~~~~~~~~~~~~~~~~~~~~~~~~~~~~~~~~~~~~~~~~~~~~~
tests/t05_test.zig:233:24: error: root source file struct 'traverse' has no member named 'IgnoreFault'
    var fault: traverse.IgnoreFault = .{ .after_read = IgnoreSwap.swap, .context = &swap };
               ~~~~~~~~^~~~~~~~~~~~
src/fs/traverse.zig:1:1: note: struct declared here
//! Git-aware streaming traversal (T05, I04; docs/05 §6, docs/07 §3, docs/11 §4).
^~~~~~~~~~~~~~~~~~~~~~~~~~~~~~~~~~~~~~~~~~~~~~~~~~~~~~~~~~~~~~~~~~~~~~~~~~~~~~~~~~~~
error: 2 compilation errors
failed command: /workspace/scratch/3f4ab65dfb82/toolchain/ziglang/zig test -ODebug --dep zcr_core --dep zcr_policy --dep zcr_memory --dep zcr_fs_traverse --dep evidence -Mroot=/workspace/scratch/3f4ab65dfb82/ZCR-legacy/tests/t05_test.zig -ODebug -Mzcr_core=/workspace/scratch/3f4ab65dfb82/ZCR-legacy/src/core/types.zig -ODebug --dep zcr_core -Mzcr_policy=/workspace/scratch/3f4ab65dfb82/ZCR-legacy/src/policy/capability.zig -ODebug --dep zcr_core -Mzcr_memory=/workspace/scratch/3f4ab65dfb82/ZCR-legacy/src/memory/budget.zig -ODebug --dep zcr_core --dep zcr_policy -Mzcr_fs_traverse=/workspace/scratch/3f4ab65dfb82/ZCR-legacy/src/fs/traverse.zig -ODebug --dep zcr_core -Mevidence=/workspace/scratch/3f4ab65dfb82/ZCR-legacy/tools/dev/evidence.zig -lc --test-filter "replacing an ignore" --cache-dir /workspace/scratch/3f4ab65dfb82/state/legacy/zig-local-cache --global-cache-dir /workspace/scratch/3f4ab65dfb82/state/legacy/zig-global-cache --name T05-test --zig-lib-dir /workspace/scratch/3f4ab65dfb82/toolchain/ziglang/lib/ --listen=-

Build Summary: 0/4 steps succeeded (1 failed)
test transitive failure
+- install T05-test transitive failure
|  +- compile test T05-test Debug native 2 errors
+- run test T05-test transitive failure
   +- compile test T05-test Debug native (reused)

error: the following build command failed with exit code 1:
/workspace/scratch/3f4ab65dfb82/state/legacy/zig-local-cache/o/f28d12be414d247ec5da67365b4abafb/build /workspace/scratch/3f4ab65dfb82/toolchain/ziglang/zig /workspace/scratch/3f4ab65dfb82/toolchain/ziglang/lib /workspace/scratch/3f4ab65dfb82/ZCR-legacy /workspace/scratch/3f4ab65dfb82/state/legacy/zig-local-cache /workspace/scratch/3f4ab65dfb82/state/legacy/zig-global-cache --seed 0x78640713 -Z6705b60dfad82bfa test -Dtest-group=fs -Dtest-id=replacing an ignore -Dinstall-tests=true -Doptimize=Debug --prefix /workspace/scratch/3f4ab65dfb82/state/legacy/out/red-ignore-race
