test
+- run test T07-test 0 pass, 1 fail (1 total)
error: 't07_test.test.BA-001 adjacent invalid UTF-8 does not poison a valid later member' failed:
       item good: expected a result, got E_UNSUPPORTED
       /workspace/scratch/3f4ab65dfb82/ZCR-T07/tests/t07_test.zig:204:21: 0x123669f in expectSameItem (t07_test.zig)
                           return error.TestExpectedEqual;
                           ^
       /workspace/scratch/3f4ab65dfb82/ZCR-T07/tests/t07_test.zig:282:13: 0x1238734 in expectBatchMatchesStandalone (t07_test.zig)
                   try expectSameItem(oracle, got);
                   ^
       /workspace/scratch/3f4ab65dfb82/ZCR-T07/tests/t07_test.zig:300:5: 0x1239394 in test.BA-001 adjacent invalid UTF-8 does not poison a valid later member (t07_test.zig)
           try expectBatchMatchesStandalone(h, &items);
           ^
failed command: cd /workspace/scratch/3f4ab65dfb82/state/T07/zig-local-cache && /workspace/scratch/3f4ab65dfb82/state/T07/zig-local-cache/o/ffe8d555dfa650e834af68c09b064f67/T07-test --cache-dir=/workspace/scratch/3f4ab65dfb82/state/T07/zig-local-cache --seed=0x12486ef9 --listen=-

Build Summary: 2/4 steps succeeded (1 failed); 0/1 tests passed (1 failed)
test transitive failure
+- install T07-test success
|  +- compile test T07-test Debug native success 466ms MaxRSS:176M
+- run test T07-test 0 pass, 1 fail (1 total)
   +- compile test T07-test Debug native (reused)

error: the following build command failed with exit code 1:
/workspace/scratch/3f4ab65dfb82/state/T07/zig-local-cache/o/f28d12be414d247ec5da67365b4abafb/build /workspace/scratch/3f4ab65dfb82/toolchain/ziglang/zig /workspace/scratch/3f4ab65dfb82/toolchain/ziglang/lib /workspace/scratch/3f4ab65dfb82/ZCR-T07 /workspace/scratch/3f4ab65dfb82/state/T07/zig-local-cache /workspace/scratch/3f4ab65dfb82/state/T07/zig-global-cache --seed 0x12486ef9 -Z41f44f89c994a0af test -Dtest-group=batch -Doptimize=Debug -Dtest-id=adjacent invalid UTF-8 -Dinstall-tests=true --prefix /workspace/scratch/3f4ab65dfb82/state/T07/out-red-utf8 --summary all
