test
+- run test T07-test 15 pass, 2 fail (17 total); 3 leaks
error: 't07_test.test.BA-001 32 items keep input order, item ids and per-item errors, and match single reads' failed:
       item item-5: expected a result, got E_OUTPUT_BUDGET
       /Users/guribbong/code/ZCR-state/tasks/T07/tmp/mut-m1-no-output-wait/tests/t07_test.zig:204:21: 0x100f0a243 in expectSameItem (T07-test)
                           return error.TestExpectedEqual;
                           ^
       /Users/guribbong/code/ZCR-state/tasks/T07/tmp/mut-m1-no-output-wait/tests/t07_test.zig:318:9: 0x100f0bdcb in test.BA-001 32 items keep input order, item ids and per-item errors, and match single reads (T07-test)
               try expectSameItem(o, got);
               ^
       [DebugAllocator] (err): memory address 0x105a84000 leaked: 
       /Users/guribbong/.local/share/zig/0.16.0/lib/std/mem/Allocator.zig:142:26: 0x100d8e30f in rawAlloc (T07-test)
           return a.vtable.alloc(a.ptr, len, alignment, ret_addr);
                                ^
       /Users/guribbong/.local/share/zig/0.16.0/lib/std/mem/Allocator.zig:286:40: 0x100d97bd7 in allocWithSizeAndAlignment__anon_9797 (T07-test)
           return self.allocBytesWithAlignment(alignment, byte_count, return_address);
                                              ^
       /Users/guribbong/.local/share/zig/0.16.0/lib/std/mem/Allocator.zig:274:89: 0x100d979f3 in allocAdvancedWithRetAddr (T07-test)
           const ptr: [*]align(a.toByteUnits()) T = @ptrCast(try self.allocWithSizeAndAlignment(@sizeOf(T), a, n, return_address));
                                                                                               ^
       /Users/guribbong/code/ZCR-state/tasks/T07/tmp/mut-m1-no-output-wait/src/batch/read.zig:311:63: 0x100ec1ed7 in batchRead (T07-test)
               const store = try owned.arena.allocator().alignedAlloc(u8, .of(Line), @intCast(storeBytes(items, run.output_pool)));
                                                                     ^
       /Users/guribbong/code/ZCR-state/tasks/T07/tmp/mut-m1-no-output-wait/tests/t07_test.zig:115:46: 0x100e8b04f in runWithCost (T07-test)
               const owned = try h.batcher.batchRead(io, reserved.allocator(), session(), items, &reservation);
                                                    ^
       /Users/guribbong/code/ZCR-state/tasks/T07/tmp/mut-m1-no-output-wait/tests/t07_test.zig:105:29: 0x100e8b2e3 in run (T07-test)
               return h.runWithCost(items, cost, null);
                                   ^
       /Users/guribbong/code/ZCR-state/tasks/T07/tmp/mut-m1-no-output-wait/tests/t07_test.zig:304:22: 0x100f0b4c3 in test.BA-001 32 items keep input order, item ids and per-item errors, and match single reads (T07-test)
           var r = try h.run(&items, 1 * MiB, 4);
                            ^
       /Users/guribbong/.local/share/zig/0.16.0/lib/compiler/test_runner.zig:140:68: 0x100e6712f in mainServer (T07-test)
                       const status: TestResults.Status = if (test_fn.func()) |v| s: {
                                                                          ^
       /Users/guribbong/.local/share/zig/0.16.0/lib/compiler/test_runner.zig:71:26: 0x100e677df in main (T07-test)
               return mainServer(init) catch |err| panic("internal test runner failure: {t}", .{err});
                                ^
       /Users/guribbong/.local/share/zig/0.16.0/lib/std/start.zig:699:88: 0x100e655a3 in callMain (T07-test)
           if (fn_info.params[0].type.? == std.process.Init.Minimal) return wrapMain(root.main(.{
                                                                                              ^
       (additional stack frames may have been skipped...)
error: 't07_test.test.BA-001 results do not depend on how many items run at once' failed:
       expected .ok, found .err
       /Users/guribbong/.local/share/zig/0.16.0/lib/std/testing.zig:118:17: 0x100f0560b in expectEqualInner__anon_52188 (T07-test)
                       return error.TestExpectedEqual;
                       ^
       /Users/guribbong/.local/share/zig/0.16.0/lib/std/testing.zig:83:5: 0x100f05e9f in expectEqual (T07-test)
           return expectEqualInner(T, expected, actual);
           ^
       /Users/guribbong/code/ZCR-state/tasks/T07/tmp/mut-m1-no-output-wait/tests/t07_test.zig:365:9: 0x100f05f73 in test.BA-001 results do not depend on how many items run at once (T07-test)
               try testing.expectEqual(std.meta.activeTag(a.result), std.meta.activeTag(b.result));
               ^
       [DebugAllocator] (err): memory address 0x107e0c000 leaked: 
       /Users/guribbong/.local/share/zig/0.16.0/lib/std/mem/Allocator.zig:142:26: 0x100d8e30f in rawAlloc (T07-test)
           return a.vtable.alloc(a.ptr, len, alignment, ret_addr);
                                ^
       /Users/guribbong/.local/share/zig/0.16.0/lib/std/mem/Allocator.zig:286:40: 0x100d97bd7 in allocWithSizeAndAlignment__anon_9797 (T07-test)
           return self.allocBytesWithAlignment(alignment, byte_count, return_address);
                                              ^
       /Users/guribbong/.local/share/zig/0.16.0/lib/std/mem/Allocator.zig:274:89: 0x100d979f3 in allocAdvancedWithRetAddr (T07-test)
           const ptr: [*]align(a.toByteUnits()) T = @ptrCast(try self.allocWithSizeAndAlignment(@sizeOf(T), a, n, return_address));
                                                                                               ^
       /Users/guribbong/code/ZCR-state/tasks/T07/tmp/mut-m1-no-output-wait/src/batch/read.zig:311:63: 0x100ec1ed7 in batchRead (T07-test)
               const store = try owned.arena.allocator().alignedAlloc(u8, .of(Line), @intCast(storeBytes(items, run.output_pool)));
                                                                     ^
       /Users/guribbong/code/ZCR-state/tasks/T07/tmp/mut-m1-no-output-wait/tests/t07_test.zig:115:46: 0x100e8b04f in runWithCost (T07-test)
               const owned = try h.batcher.batchRead(io, reserved.allocator(), session(), items, &reservation);
                                                    ^
       /Users/guribbong/code/ZCR-state/tasks/T07/tmp/mut-m1-no-output-wait/tests/t07_test.zig:105:29: 0x100e8b2e3 in run (T07-test)
               return h.runWithCost(items, cost, null);
                                   ^
       /Users/guribbong/code/ZCR-state/tasks/T07/tmp/mut-m1-no-output-wait/tests/t07_test.zig:360:29: 0x100f05a23 in test.BA-001 results do not depend on how many items run at once (T07-test)
           var parallel = try h.run(&items, 1 * MiB, 8);
                                   ^
       /Users/guribbong/.local/share/zig/0.16.0/lib/compiler/test_runner.zig:140:68: 0x100e6712f in mainServer (T07-test)
                       const status: TestResults.Status = if (test_fn.func()) |v| s: {
                                                                          ^
       /Users/guribbong/.local/share/zig/0.16.0/lib/compiler/test_runner.zig:71:26: 0x100e677df in main (T07-test)
               return mainServer(init) catch |err| panic("internal test runner failure: {t}", .{err});
                                ^
       /Users/guribbong/.local/share/zig/0.16.0/lib/std/start.zig:699:88: 0x100e655a3 in callMain (T07-test)
           if (fn_info.params[0].type.? == std.process.Init.Minimal) return wrapMain(root.main(.{
                                                                                              ^
       (additional stack frames may have been skipped...)
       
       [DebugAllocator] (err): memory address 0x107c84000 leaked: 
       /Users/guribbong/.local/share/zig/0.16.0/lib/std/mem/Allocator.zig:142:26: 0x100d8e30f in rawAlloc (T07-test)
           return a.vtable.alloc(a.ptr, len, alignment, ret_addr);
                                ^
       /Users/guribbong/.local/share/zig/0.16.0/lib/std/mem/Allocator.zig:286:40: 0x100d97bd7 in allocWithSizeAndAlignment__anon_9797 (T07-test)
           return self.allocBytesWithAlignment(alignment, byte_count, return_address);
                                              ^
       /Users/guribbong/.local/share/zig/0.16.0/lib/std/mem/Allocator.zig:274:89: 0x100d979f3 in allocAdvancedWithRetAddr (T07-test)
           const ptr: [*]align(a.toByteUnits()) T = @ptrCast(try self.allocWithSizeAndAlignment(@sizeOf(T), a, n, return_address));
                                                                                               ^
       /Users/guribbong/code/ZCR-state/tasks/T07/tmp/mut-m1-no-output-wait/src/batch/read.zig:311:63: 0x100ec1ed7 in batchRead (T07-test)
               const store = try owned.arena.allocator().alignedAlloc(u8, .of(Line), @intCast(storeBytes(items, run.output_pool)));
                                                                     ^
       /Users/guribbong/code/ZCR-state/tasks/T07/tmp/mut-m1-no-output-wait/tests/t07_test.zig:115:46: 0x100e8b04f in runWithCost (T07-test)
               const owned = try h.batcher.batchRead(io, reserved.allocator(), session(), items, &reservation);
                                                    ^
       /Users/guribbong/code/ZCR-state/tasks/T07/tmp/mut-m1-no-output-wait/tests/t07_test.zig:105:29: 0x100e8b2e3 in run (T07-test)
               return h.runWithCost(items, cost, null);
                                   ^
       /Users/guribbong/code/ZCR-state/tasks/T07/tmp/mut-m1-no-output-wait/tests/t07_test.zig:357:27: 0x100f05813 in test.BA-001 results do not depend on how many items run at once (T07-test)
           var serial = try h.run(&items, 1 * MiB, 1);
                                 ^
       /Users/guribbong/.local/share/zig/0.16.0/lib/compiler/test_runner.zig:140:68: 0x100e6712f in mainServer (T07-test)
                       const status: TestResults.Status = if (test_fn.func()) |v| s: {
                                                                          ^
       /Users/guribbong/.local/share/zig/0.16.0/lib/compiler/test_runner.zig:71:26: 0x100e677df in main (T07-test)
               return mainServer(init) catch |err| panic("internal test runner failure: {t}", .{err});
                                ^
       /Users/guribbong/.local/share/zig/0.16.0/lib/std/start.zig:699:88: 0x100e655a3 in callMain (T07-test)
           if (fn_info.params[0].type.? == std.process.Init.Minimal) return wrapMain(root.main(.{
                                                                                              ^
       (additional stack frames may have been skipped...)
failed command: cd /Users/guribbong/code/ZCR-state/tasks/T07/zig-local-cache && /Users/guribbong/code/ZCR-state/tasks/T07/zig-local-cache/o/14d50e10213ea10d3aa13f701b8a4c75/T07-test --cache-dir=/Users/guribbong/code/ZCR-state/tasks/T07/zig-local-cache --seed=0x4d0143cb --listen=-

Build Summary: 1/3 steps succeeded (1 failed); 15/17 tests passed (2 failed)
test transitive failure
+- run test T07-test 15 pass, 2 fail (17 total); 3 leaks
   +- compile test T07-test Debug native success 19s MaxRSS:187M

error: the following build command failed with exit code 1:
/Users/guribbong/code/ZCR-state/tasks/T07/zig-local-cache/o/2759f0ba666e46dcb034eb08a284d1a7/build /Users/guribbong/.local/share/zig/0.16.0/zig /Users/guribbong/.local/share/zig/0.16.0/lib /Users/guribbong/code/ZCR-state/tasks/T07/tmp/mut-m1-no-output-wait /Users/guribbong/code/ZCR-state/tasks/T07/zig-local-cache /Users/guribbong/code/ZCR-state/tasks/T07/zig-global-cache --seed 0x4d0143cb -Z3efdbbc4bee79e21 test -Dtest-group=batch --summary all
