test
+- run test T07-test 16 pass, 1 fail (17 total); 1 leaks
error: 't07_test.test.BA-001 32 items keep input order, item ids and per-item errors, and match single reads' failed:
       expected 1, found 0
       /Users/guribbong/.local/share/zig/0.16.0/lib/std/testing.zig:118:17: 0x1008946f7 in expectEqualInner__anon_49759 (T07-test)
                       return error.TestExpectedEqual;
                       ^
       /Users/guribbong/.local/share/zig/0.16.0/lib/std/testing.zig:83:5: 0x1008c127f in expectEqual (T07-test)
           return expectEqualInner(T, expected, actual);
           ^
       /Users/guribbong/code/ZCR-state/tasks/T07/tmp/mut-m5-no-merge/tests/t07_test.zig:340:5: 0x1008c13a7 in test.BA-001 32 items keep input order, item ids and per-item errors, and match single reads (T07-test)
           try testing.expectEqual(@as(u32, 1), rep.deduplicated);
           ^
       [DebugAllocator] (err): memory address 0x100ba4000 leaked: 
       /Users/guribbong/.local/share/zig/0.16.0/lib/std/mem/Allocator.zig:142:26: 0x10074230f in rawAlloc (T07-test)
           return a.vtable.alloc(a.ptr, len, alignment, ret_addr);
                                ^
       /Users/guribbong/.local/share/zig/0.16.0/lib/std/mem/Allocator.zig:286:40: 0x10074bbd7 in allocWithSizeAndAlignment__anon_9797 (T07-test)
           return self.allocBytesWithAlignment(alignment, byte_count, return_address);
                                              ^
       /Users/guribbong/.local/share/zig/0.16.0/lib/std/mem/Allocator.zig:274:89: 0x10074b9f3 in allocAdvancedWithRetAddr (T07-test)
           const ptr: [*]align(a.toByteUnits()) T = @ptrCast(try self.allocWithSizeAndAlignment(@sizeOf(T), a, n, return_address));
                                                                                               ^
       /Users/guribbong/code/ZCR-state/tasks/T07/tmp/mut-m5-no-merge/src/batch/read.zig:311:63: 0x100875ed7 in batchRead (T07-test)
               const store = try owned.arena.allocator().alignedAlloc(u8, .of(Line), @intCast(storeBytes(items, run.output_pool)));
                                                                     ^
       /Users/guribbong/code/ZCR-state/tasks/T07/tmp/mut-m5-no-merge/tests/t07_test.zig:115:46: 0x10083f04f in runWithCost (T07-test)
               const owned = try h.batcher.batchRead(io, reserved.allocator(), session(), items, &reservation);
                                                    ^
       /Users/guribbong/code/ZCR-state/tasks/T07/tmp/mut-m5-no-merge/tests/t07_test.zig:105:29: 0x10083f2e3 in run (T07-test)
               return h.runWithCost(items, cost, null);
                                   ^
       /Users/guribbong/code/ZCR-state/tasks/T07/tmp/mut-m5-no-merge/tests/t07_test.zig:304:22: 0x1008bf03f in test.BA-001 32 items keep input order, item ids and per-item errors, and match single reads (T07-test)
           var r = try h.run(&items, 1 * MiB, 4);
                            ^
       /Users/guribbong/.local/share/zig/0.16.0/lib/compiler/test_runner.zig:140:68: 0x10081b12f in mainServer (T07-test)
                       const status: TestResults.Status = if (test_fn.func()) |v| s: {
                                                                          ^
       /Users/guribbong/.local/share/zig/0.16.0/lib/compiler/test_runner.zig:71:26: 0x10081b7df in main (T07-test)
               return mainServer(init) catch |err| panic("internal test runner failure: {t}", .{err});
                                ^
       /Users/guribbong/.local/share/zig/0.16.0/lib/std/start.zig:699:88: 0x1008195a3 in callMain (T07-test)
           if (fn_info.params[0].type.? == std.process.Init.Minimal) return wrapMain(root.main(.{
                                                                                              ^
       (additional stack frames may have been skipped...)
failed command: cd /Users/guribbong/code/ZCR-state/tasks/T07/zig-local-cache && /Users/guribbong/code/ZCR-state/tasks/T07/zig-local-cache/o/1aa7b7519bfa813dfc5ff70719ea5e62/T07-test --cache-dir=/Users/guribbong/code/ZCR-state/tasks/T07/zig-local-cache --seed=0xd4dbf989 --listen=-

Build Summary: 1/3 steps succeeded (1 failed); 16/17 tests passed (1 failed)
test transitive failure
+- run test T07-test 16 pass, 1 fail (17 total); 1 leaks
   +- compile test T07-test Debug native success 32s MaxRSS:210M

error: the following build command failed with exit code 1:
/Users/guribbong/code/ZCR-state/tasks/T07/zig-local-cache/o/2759f0ba666e46dcb034eb08a284d1a7/build /Users/guribbong/.local/share/zig/0.16.0/zig /Users/guribbong/.local/share/zig/0.16.0/lib /Users/guribbong/code/ZCR-state/tasks/T07/tmp/mut-m5-no-merge /Users/guribbong/code/ZCR-state/tasks/T07/zig-local-cache /Users/guribbong/code/ZCR-state/tasks/T07/zig-global-cache --seed 0xd4dbf989 -Za57a06a645887e22 test -Dtest-group=batch --summary all
