test
+- run test T07-test 15 pass, 2 fail (17 total); 1 leaks
error: 't07_test.test.BA-001 32 items keep input order, item ids and per-item errors, and match single reads' failed:
       item tiny-output: expected E_OUTPUT_BUDGET, got a result
       /Users/guribbong/code/ZCR-state/tasks/T07/tmp/mut-m6-no-own-cap/tests/t07_test.zig:189:21: 0x1030a5f6b in expectSameItem (T07-test)
                           return error.TestExpectedEqual;
                           ^
       /Users/guribbong/code/ZCR-state/tasks/T07/tmp/mut-m6-no-own-cap/tests/t07_test.zig:318:9: 0x1030a7dff in test.BA-001 32 items keep input order, item ids and per-item errors, and match single reads (T07-test)
               try expectSameItem(o, got);
               ^
       [DebugAllocator] (err): memory address 0x107c84000 leaked: 
       /Users/guribbong/.local/share/zig/0.16.0/lib/std/mem/Allocator.zig:142:26: 0x102f2a30f in rawAlloc (T07-test)
           return a.vtable.alloc(a.ptr, len, alignment, ret_addr);
                                ^
       /Users/guribbong/.local/share/zig/0.16.0/lib/std/mem/Allocator.zig:286:40: 0x102f33bd7 in allocWithSizeAndAlignment__anon_9797 (T07-test)
           return self.allocBytesWithAlignment(alignment, byte_count, return_address);
                                              ^
       /Users/guribbong/.local/share/zig/0.16.0/lib/std/mem/Allocator.zig:274:89: 0x102f339f3 in allocAdvancedWithRetAddr (T07-test)
           const ptr: [*]align(a.toByteUnits()) T = @ptrCast(try self.allocWithSizeAndAlignment(@sizeOf(T), a, n, return_address));
                                                                                               ^
       /Users/guribbong/code/ZCR-state/tasks/T07/tmp/mut-m6-no-own-cap/src/batch/read.zig:311:63: 0x10305ded7 in batchRead (T07-test)
               const store = try owned.arena.allocator().alignedAlloc(u8, .of(Line), @intCast(storeBytes(items, run.output_pool)));
                                                                     ^
       /Users/guribbong/code/ZCR-state/tasks/T07/tmp/mut-m6-no-own-cap/tests/t07_test.zig:115:46: 0x10302704f in runWithCost (T07-test)
               const owned = try h.batcher.batchRead(io, reserved.allocator(), session(), items, &reservation);
                                                    ^
       /Users/guribbong/code/ZCR-state/tasks/T07/tmp/mut-m6-no-own-cap/tests/t07_test.zig:105:29: 0x1030272e3 in run (T07-test)
               return h.runWithCost(items, cost, null);
                                   ^
       /Users/guribbong/code/ZCR-state/tasks/T07/tmp/mut-m6-no-own-cap/tests/t07_test.zig:304:22: 0x1030a74f7 in test.BA-001 32 items keep input order, item ids and per-item errors, and match single reads (T07-test)
           var r = try h.run(&items, 1 * MiB, 4);
                            ^
       /Users/guribbong/.local/share/zig/0.16.0/lib/compiler/test_runner.zig:140:68: 0x10300312f in mainServer (T07-test)
                       const status: TestResults.Status = if (test_fn.func()) |v| s: {
                                                                          ^
       /Users/guribbong/.local/share/zig/0.16.0/lib/compiler/test_runner.zig:71:26: 0x1030037df in main (T07-test)
               return mainServer(init) catch |err| panic("internal test runner failure: {t}", .{err});
                                ^
       /Users/guribbong/.local/share/zig/0.16.0/lib/std/start.zig:699:88: 0x1030015a3 in callMain (T07-test)
           if (fn_info.params[0].type.? == std.process.Init.Minimal) return wrapMain(root.main(.{
                                                                                              ^
       (additional stack frames may have been skipped...)
error: 't07_test.test.T07 a real batch result projects within its output budget' failed:
       expected 5, found 4
       /Users/guribbong/.local/share/zig/0.16.0/lib/std/testing.zig:118:17: 0x103027597 in expectEqualInner__anon_37771 (T07-test)
                       return error.TestExpectedEqual;
                       ^
       /Users/guribbong/.local/share/zig/0.16.0/lib/std/testing.zig:83:5: 0x103028d73 in expectEqual (T07-test)
           return expectEqualInner(T, expected, actual);
           ^
       /Users/guribbong/code/ZCR-state/tasks/T07/tmp/mut-m6-no-own-cap/tests/t07_test.zig:933:5: 0x103028e67 in test.T07 a real batch result projects within its output budget (T07-test)
           try testing.expectEqual(@as(u64, 5), @as(u64, @intCast(root.object.get("coverage").?.object.get("skipped").?.integer)));
           ^
failed command: cd /Users/guribbong/code/ZCR-state/tasks/T07/zig-local-cache && /Users/guribbong/code/ZCR-state/tasks/T07/zig-local-cache/o/f201462177b75cbde4cf4ef32447cf0b/T07-test --cache-dir=/Users/guribbong/code/ZCR-state/tasks/T07/zig-local-cache --seed=0x125cd1f --listen=-

Build Summary: 1/3 steps succeeded (1 failed); 15/17 tests passed (2 failed)
test transitive failure
+- run test T07-test 15 pass, 2 fail (17 total); 1 leaks
   +- compile test T07-test Debug native success 10s MaxRSS:220M

error: the following build command failed with exit code 1:
/Users/guribbong/code/ZCR-state/tasks/T07/zig-local-cache/o/2759f0ba666e46dcb034eb08a284d1a7/build /Users/guribbong/.local/share/zig/0.16.0/zig /Users/guribbong/.local/share/zig/0.16.0/lib /Users/guribbong/code/ZCR-state/tasks/T07/tmp/mut-m6-no-own-cap /Users/guribbong/code/ZCR-state/tasks/T07/zig-local-cache /Users/guribbong/code/ZCR-state/tasks/T07/zig-global-cache --seed 0x125cd1f -Zeea82bc99a6421a0 test -Dtest-group=batch --summary all
