test
+- run test T07-test 16 pass, 1 fail (17 total)
error: 't07_test.test.T07 batch projection keeps every item id in order and marks items that do not fit' failed:
       expected 2, found 3
       /Users/guribbong/.local/share/zig/0.16.0/lib/std/testing.zig:118:17: 0x1024d0cc7 in expectEqualInner__anon_49759 (T07-test)
                       return error.TestExpectedEqual;
                       ^
       /Users/guribbong/.local/share/zig/0.16.0/lib/std/testing.zig:83:5: 0x1024d50df in expectEqual (T07-test)
           return expectEqualInner(T, expected, actual);
           ^
       /Users/guribbong/code/ZCR-state/tasks/T07/tmp/mut-p8-greedy-stops/tests/t07_test.zig:840:5: 0x1024d517f in test.T07 batch projection keeps every item id in order and marks items that do not fit (T07-test)
           try testing.expectEqual(@as(u32, 2), response.omitted);
           ^
failed command: cd /Users/guribbong/code/ZCR-state/tasks/T07/zig-local-cache && /Users/guribbong/code/ZCR-state/tasks/T07/zig-local-cache/o/bc7ffaca368e073ba01e7bf57641ab33/T07-test --cache-dir=/Users/guribbong/code/ZCR-state/tasks/T07/zig-local-cache --seed=0xb0140d52 --listen=-

Build Summary: 1/3 steps succeeded (1 failed); 16/17 tests passed (1 failed)
test transitive failure
+- run test T07-test 16 pass, 1 fail (17 total)
   +- compile test T07-test Debug native success 11s MaxRSS:274M

error: the following build command failed with exit code 1:
/Users/guribbong/code/ZCR-state/tasks/T07/zig-local-cache/o/2759f0ba666e46dcb034eb08a284d1a7/build /Users/guribbong/.local/share/zig/0.16.0/zig /Users/guribbong/.local/share/zig/0.16.0/lib /Users/guribbong/code/ZCR-state/tasks/T07/tmp/mut-p8-greedy-stops /Users/guribbong/code/ZCR-state/tasks/T07/zig-local-cache /Users/guribbong/code/ZCR-state/tasks/T07/zig-global-cache --seed 0xb0140d52 -Zc7519b196970b65f test -Dtest-group=batch --summary all
