test
+- run test T12-test 13 pass, 1 fail (14 total)
error: 't12_test.test.WR-008 host witness grants once and refuses a replaced temp name after unlink' failed:
       expected error.RecoveryRequired, found void
       /Users/guribbong/.local/share/zig/0.16.0/lib/std/testing.zig:65:9: 0x102709c13 in expectError__anon_38276 (T12-test)
               return error.TestExpectedError;
               ^
       /Users/guribbong/code/ZCR-state/tasks/T12/host-witness-20260914/mutant-no_one_use-quiet/tests/t12_test.zig:1150:5: 0x1027790eb in test.WR-008 host witness grants once and refuses a replaced temp name after unlink (T12-test)
           try t.expectError(error.RecoveryRequired, grant.validate(grant.context, data, ns));
           ^
failed command: cd /Users/guribbong/code/ZCR-state/tasks/T12/host-witness-20260914/cache-mutant-no_one_use-quiet && /Users/guribbong/code/ZCR-state/tasks/T12/host-witness-20260914/cache-mutant-no_one_use-quiet/o/a1b59285e3375a201c71875f50bd4304/T12-test --cache-dir=/Users/guribbong/code/ZCR-state/tasks/T12/host-witness-20260914/cache-mutant-no_one_use-quiet --seed=0x908ae557 --listen=-

Build Summary: 4/6 steps succeeded (1 failed); 13/14 tests passed (1 failed)
test transitive failure
+- run test T12-test 13 pass, 1 fail (14 total)
   +- compile test T12-test Debug native success 12s MaxRSS:322M
      +- options success
      +- options success
         +- compile test T12-child Debug native success 15s MaxRSS:241M
            +- options (reused)

error: the following build command failed with exit code 1:
/Users/guribbong/code/ZCR-state/tasks/T12/host-witness-20260914/cache-mutant-no_one_use-quiet/o/f73c3388e88e2a4fe1e8f77ca63d50d0/build /Users/guribbong/.local/share/zig/0.16.0/zig /Users/guribbong/.local/share/zig/0.16.0/lib /Users/guribbong/code/ZCR-state/tasks/T12/host-witness-20260914/mutant-no_one_use-quiet /Users/guribbong/code/ZCR-state/tasks/T12/host-witness-20260914/cache-mutant-no_one_use-quiet /Users/guribbong/code/ZCR-state/tasks/T12/host-witness-20260914/zig-global-cache --seed 0x908ae557 -Za66dc66083f5bd62 test -Dtest-group=write -Dtest-id=WR-008 -Doptimize=Debug --summary all
