test
+- run test T12-test 14 pass, 1 fail (15 total)
error: 't12_test.test.WR-008 host witness grants once and refuses a replaced temp name after unlink' failed:
       expected error.RecoveryRequired, found void
       /Users/guribbong/.local/share/zig/0.16.0/lib/std/testing.zig:65:9: 0x102cb9c13 in expectError__anon_38252 (T12-test)
               return error.TestExpectedError;
               ^
       /Users/guribbong/code/ZCR-state/tasks/T12/host-witness-20260914/mutant-no_temp_name_check-r2/tests/t12_test.zig:1159:5: 0x102d2a70b in test.WR-008 host witness grants once and refuses a replaced temp name after unlink (T12-test)
           try t.expectError(error.RecoveryRequired, validate_publication(grant.context, data, p));
           ^
failed command: cd /Users/guribbong/code/ZCR-state/tasks/T12/host-witness-20260914/cache-mutant-no_temp_name_check-r2 && /Users/guribbong/code/ZCR-state/tasks/T12/host-witness-20260914/cache-mutant-no_temp_name_check-r2/o/141ca4f33e3161d2ada719637f022186/T12-test --cache-dir=/Users/guribbong/code/ZCR-state/tasks/T12/host-witness-20260914/cache-mutant-no_temp_name_check-r2 --seed=0x856436c0 --listen=-

Build Summary: 4/6 steps succeeded (1 failed); 14/15 tests passed (1 failed)
test transitive failure
+- run test T12-test 14 pass, 1 fail (15 total)
   +- compile test T12-test Debug native success 4s MaxRSS:359M
      +- options success
      +- options success
         +- compile test T12-child Debug native success 4s MaxRSS:295M
            +- options (reused)

error: the following build command failed with exit code 1:
/Users/guribbong/code/ZCR-state/tasks/T12/host-witness-20260914/cache-mutant-no_temp_name_check-r2/o/f73c3388e88e2a4fe1e8f77ca63d50d0/build /Users/guribbong/.local/share/zig/0.16.0/zig /Users/guribbong/.local/share/zig/0.16.0/lib /Users/guribbong/code/ZCR-state/tasks/T12/host-witness-20260914/mutant-no_temp_name_check-r2 /Users/guribbong/code/ZCR-state/tasks/T12/host-witness-20260914/cache-mutant-no_temp_name_check-r2 /Users/guribbong/code/ZCR-state/tasks/T12/host-witness-20260914/zig-global-cache --seed 0x856436c0 -Zb31c67f57c776a13 test -Dtest-group=write -Dtest-id=WR-008 -Doptimize=Debug --summary all
