test
+- run test T12-test w
T12 C01 patch pid=20073 SIGKILL fresh=2 sequence=0 committed=0 aborted=0 uncertain=0
T12 C02 patch pid=20182 SIGKILL fresh=2 sequence=0 committed=0 aborted=0 uncertain=0
T12 C03 patch pid=20278 SIGKILL fresh=2 sequence=0 committed=0 aborted=0 uncertain=0
T12 C04 patch pid=20371 SIGKILL fresh=2 sequence=0 committed=0 aborted=0 uncertain=1
T12 C05 patch pid=20467 SIGKILL fresh=2 sequence=2 committed=0 aborted=1 uncertain=0
T12 C06 patch pid=20563 SIGKILL fresh=2 sequence=2 committed=0 aborted=1 uncertain=0
T12 C07 patch pid=20636 SIGKILL fresh=2 sequence=3 committed=1 aborted=0 uncertain=0
T12 C08 patch pid=20682 SIGKILL fresh=2 sequence=3 committed=1 aborted=0 uncertain=0
T12 C09 patch pid=20727 SIGKILL fresh=2 sequence=3 committed=1 aborted=0 uncertain=0
T12 C10 patch pid=20771 SIGKILL fresh=2 sequence=3 committed=1 aborted=0 uncertain=0
T12 C01 create pid=20815 SIGKILL fresh=2 sequence=0 committed=0 aborted=0 uncertain=0
T12 C02 create pid=20859 SIGKILL fresh=2 sequence=0 committed=0 aborted=0 uncertain=0
T12 C03 create pid=20903 SIGKILL fresh=2 sequence=0 committed=0 aborted=0 uncertain=0
T12 C04 create pid=20947 SIGKILL fresh=2 sequence=0 committed=0 aborted=0 uncertain=1
T12 C05 create pid=20992 SIGKILL fresh=2 sequence=2 committed=0 aborted=1 uncertain=0
T12 C06 create pid=21036 SIGKILL fresh=2 sequence=2 committed=0 aborted=1 uncertain=0
T12 C07 create pid=21080 SIGKILL fresh=2 sequence=3 committed=1 aborted=0 uncertain=0
T12 C08 create pid=21126 SIGKILL fresh=2 sequence=3 committed=1 aborted=0 uncertain=0
T12 C09 create pid=21171 SIGKILL fresh=2 sequence=3 committed=1 aborted=0 uncertain=0
T12 C10 create pid=21215 SIGKILL fresh=2 sequence=3 committed=1 aborted=0 uncertain=0
T12 recovery append SIGKILL verified
failed command: cd /Users/guribbong/code/ZCR-state/tasks/T12/host-witness-20260914/zig-local-cache && /Users/guribbong/code/ZCR-state/tasks/T12/host-witness-20260914/zig-local-cache/o/0e9ad4b238911ff067eee61df3786401/T12-test --cache-dir=/Users/guribbong/code/ZCR-state/tasks/T12/host-witness-20260914/zig-local-cache --seed=0x5bef662 --listen=-

Build Summary: 11/11 steps succeeded; 71/71 tests passed
test success
+- install T11-test cached
|  +- compile test T11-test Debug native cached 74ms MaxRSS:31M
+- run test T11-test 43 pass (43 total) 7s MaxRSS:12M
|  +- compile test T11-test Debug native (reused)
+- install T12-child success
|  +- compile test T12-child Debug native cached 74ms MaxRSS:31M
|     +- options cached
+- install T12-test success
|  +- compile test T12-test Debug native success 2s MaxRSS:367M
|     +- options (reused)
|     +- options cached
|        +- compile test T12-child Debug native (+1 more reused dependencies)
+- run test T12-test 28 pass (28 total) 1m MaxRSS:16M
   +- compile test T12-test Debug native (+2 more reused dependencies)

