test
+- run test T12-test w
T12 C01 patch pid=23535 SIGKILL fresh=2 sequence=0 committed=0 aborted=0 uncertain=0
T12 C02 patch pid=23579 SIGKILL fresh=2 sequence=0 committed=0 aborted=0 uncertain=0
T12 C03 patch pid=23625 SIGKILL fresh=2 sequence=0 committed=0 aborted=0 uncertain=0
T12 C04 patch pid=23669 SIGKILL fresh=2 sequence=0 committed=0 aborted=0 uncertain=1
T12 C05 patch pid=23713 SIGKILL fresh=2 sequence=2 committed=0 aborted=1 uncertain=0
T12 C06 patch pid=23757 SIGKILL fresh=2 sequence=2 committed=0 aborted=1 uncertain=0
T12 C07 patch pid=23810 SIGKILL fresh=2 sequence=3 committed=1 aborted=0 uncertain=0
T12 C08 patch pid=23859 SIGKILL fresh=2 sequence=3 committed=1 aborted=0 uncertain=0
T12 C09 patch pid=23903 SIGKILL fresh=2 sequence=3 committed=1 aborted=0 uncertain=0
T12 C10 patch pid=23950 SIGKILL fresh=2 sequence=3 committed=1 aborted=0 uncertain=0
T12 C01 create pid=23994 SIGKILL fresh=2 sequence=0 committed=0 aborted=0 uncertain=0
T12 C02 create pid=24039 SIGKILL fresh=2 sequence=0 committed=0 aborted=0 uncertain=0
T12 C03 create pid=24083 SIGKILL fresh=2 sequence=0 committed=0 aborted=0 uncertain=0
T12 C04 create pid=24128 SIGKILL fresh=2 sequence=0 committed=0 aborted=0 uncertain=1
T12 C05 create pid=24175 SIGKILL fresh=2 sequence=2 committed=0 aborted=1 uncertain=0
T12 C06 create pid=24221 SIGKILL fresh=2 sequence=2 committed=0 aborted=1 uncertain=0
T12 C07 create pid=24267 SIGKILL fresh=2 sequence=3 committed=1 aborted=0 uncertain=0
T12 C08 create pid=24311 SIGKILL fresh=2 sequence=3 committed=1 aborted=0 uncertain=0
T12 C09 create pid=24355 SIGKILL fresh=2 sequence=3 committed=1 aborted=0 uncertain=0
T12 C10 create pid=24399 SIGKILL fresh=2 sequence=3 committed=1 aborted=0 uncertain=0
T12 recovery append SIGKILL verified
failed command: cd /Users/guribbong/code/ZCR-state/tasks/T12/host-witness-20260914/zig-local-cache && /Users/guribbong/code/ZCR-state/tasks/T12/host-witness-20260914/zig-local-cache/o/d75039bfcbec2e24962088dc4640bdf9/T12-test --cache-dir=/Users/guribbong/code/ZCR-state/tasks/T12/host-witness-20260914/zig-local-cache --seed=0x337e6ff4 --listen=-

Build Summary: 11/11 steps succeeded; 71/71 tests passed
test success
+- install T11-test cached
|  +- compile test T11-test ReleaseSafe native cached 137ms MaxRSS:31M
+- run test T11-test 43 pass (43 total) 24s MaxRSS:12M
|  +- compile test T11-test ReleaseSafe native (reused)
+- install T12-child success
|  +- compile test T12-child ReleaseSafe native success 29s MaxRSS:385M
|     +- options cached
+- install T12-test success
|  +- compile test T12-test ReleaseSafe native success 20s MaxRSS:453M
|     +- options (reused)
|     +- options success
|        +- compile test T12-child ReleaseSafe native (+1 more reused dependencies)
+- run test T12-test 28 pass (28 total) 1m MaxRSS:22M
   +- compile test T12-test ReleaseSafe native (+2 more reused dependencies)

