source f1c388a7f6b68c5c221d4a7e013c12dfa6993f8c tree 6fbfc6b72066302900426c4885c6976bc753c443 dirty=0
build exit=0 Build Summary: 5/5 steps succeeded; 6/6 tests passed
binary sha256 cc4f2983fae9c840c4ba33c979f8dd559d568671c72cf5194e8d9e88b3b4c6ce
idle run=1 exit=0 
idle run=2 exit=0 
idle run=3 exit=0 
idle run=4 exit=0 
idle run=5 exit=0 
idle run=6 exit=0 
idle run=7 exit=0 
idle run=8 exit=0 
idle run=9 exit=0 
idle run=10 exit=0 
idle run=11 exit=0 
idle run=12 exit=0 
idle run=13 exit=0 
idle run=14 exit=0 
idle run=15 exit=0 
idle tally pass=15 fail=0
load: 8 busy loops
loaded run=1 exit=0 
loaded run=2 exit=0 
loaded run=3 exit=0 
loaded run=4 exit=0 
loaded run=5 exit=0 
loaded run=6 exit=0 
loaded run=7 exit=0 
loaded run=8 exit=0 
loaded run=9 exit=1 5 passed; 0 skipped; 1 failed
loaded run=10 exit=0 
loaded run=11 exit=1 5 passed; 0 skipped; 1 failed
loaded run=12 exit=1 5 passed; 0 skipped; 1 failed
loaded run=13 exit=0 
loaded run=14 exit=0 
loaded run=15 exit=0 
loaded tally pass=12 fail=3
