test
+- run test T12-test w
T12 C01 patch pid=23689 SIGKILL fresh=2 sequence=0 committed=0 aborted=0 uncertain=0
T12 C02 patch pid=23737 SIGKILL fresh=2 sequence=0 committed=0 aborted=0 uncertain=0
T12 C03 patch pid=23782 SIGKILL fresh=2 sequence=0 committed=0 aborted=0 uncertain=0
T12 C04 patch pid=23829 SIGKILL fresh=2 sequence=0 committed=0 aborted=0 uncertain=1
T12 C05 patch pid=23874 SIGKILL fresh=2 sequence=2 committed=0 aborted=1 uncertain=0
T12 C06 patch pid=23920 SIGKILL fresh=2 sequence=2 committed=0 aborted=1 uncertain=0
T12 C07 patch pid=23964 SIGKILL fresh=2 sequence=3 committed=1 aborted=0 uncertain=0
T12 C08 patch pid=24011 SIGKILL fresh=2 sequence=3 committed=1 aborted=0 uncertain=0
T12 C09 patch pid=24058 SIGKILL fresh=2 sequence=3 committed=1 aborted=0 uncertain=0
T12 C10 patch pid=24103 SIGKILL fresh=2 sequence=3 committed=1 aborted=0 uncertain=0
T12 C01 create pid=24149 SIGKILL fresh=2 sequence=0 committed=0 aborted=0 uncertain=0
T12 C02 create pid=24198 SIGKILL fresh=2 sequence=0 committed=0 aborted=0 uncertain=0
T12 C03 create pid=24246 SIGKILL fresh=2 sequence=0 committed=0 aborted=0 uncertain=0
T12 C04 create pid=24292 SIGKILL fresh=2 sequence=0 committed=0 aborted=0 uncertain=1
T12 C05 create pid=24340 SIGKILL fresh=2 sequence=2 committed=0 aborted=1 uncertain=0
T12 C06 create pid=24387 SIGKILL fresh=2 sequence=2 committed=0 aborted=1 uncertain=0
T12 C07 create pid=24465 SIGKILL fresh=2 sequence=3 committed=1 aborted=0 uncertain=0
T12 C08 create pid=24510 SIGKILL fresh=2 sequence=3 committed=1 aborted=0 uncertain=0
T12 C09 create pid=24568 SIGKILL fresh=2 sequence=3 committed=1 aborted=0 uncertain=0
T12 C10 create pid=24614 SIGKILL fresh=2 sequence=3 committed=1 aborted=0 uncertain=0
T12 recovery append SIGKILL verified
failed command: cd /Users/guribbong/code/ZCR-state/tasks/MAC-WRITE/zig-local-cache && /Users/guribbong/code/ZCR-state/tasks/MAC-WRITE/zig-local-cache/o/c3f1425ac89df7cfab7a06114210f934/T12-test --cache-dir=/Users/guribbong/code/ZCR-state/tasks/MAC-WRITE/zig-local-cache --seed=0x46585097 --listen=-

Build Summary: 11/11 steps succeeded; 66/66 tests passed
test success
+- install T11-test success
|  +- compile test T11-test ReleaseSafe native success 1m MaxRSS:287M
+- run test T11-test 42 pass (42 total) 1m MaxRSS:10M
|  +- compile test T11-test ReleaseSafe native (reused)
+- install T12-child success
|  +- compile test T12-child ReleaseSafe native success 1m MaxRSS:267M
|     +- options cached
+- install T12-test success
|  +- compile test T12-test ReleaseSafe native success 1m MaxRSS:362M
|     +- options (reused)
|     +- options success
|        +- compile test T12-child ReleaseSafe native (+1 more reused dependencies)
+- run test T12-test 24 pass (24 total) 3m MaxRSS:19M
   +- compile test T12-test ReleaseSafe native (+2 more reused dependencies)

