test
+- run test T12-test w
T12 C01 patch pid=30305 SIGKILL fresh=2 sequence=0 committed=0 aborted=0 uncertain=0
T12 C02 patch pid=30411 SIGKILL fresh=2 sequence=0 committed=0 aborted=0 uncertain=0
T12 C03 patch pid=30502 SIGKILL fresh=2 sequence=0 committed=0 aborted=0 uncertain=0
T12 C04 patch pid=30609 SIGKILL fresh=2 sequence=0 committed=0 aborted=0 uncertain=1
T12 C05 patch pid=30703 SIGKILL fresh=2 sequence=2 committed=0 aborted=1 uncertain=0
T12 C06 patch pid=30799 SIGKILL fresh=2 sequence=2 committed=0 aborted=1 uncertain=0
T12 C07 patch pid=30910 SIGKILL fresh=2 sequence=3 committed=1 aborted=0 uncertain=0
T12 C08 patch pid=31010 SIGKILL fresh=2 sequence=3 committed=1 aborted=0 uncertain=0
T12 C09 patch pid=31088 SIGKILL fresh=2 sequence=3 committed=1 aborted=0 uncertain=0
T12 C10 patch pid=31153 SIGKILL fresh=2 sequence=3 committed=1 aborted=0 uncertain=0
T12 C01 create pid=31204 SIGKILL fresh=2 sequence=0 committed=0 aborted=0 uncertain=0
T12 C02 create pid=31264 SIGKILL fresh=2 sequence=0 committed=0 aborted=0 uncertain=0
T12 C03 create pid=31310 SIGKILL fresh=2 sequence=0 committed=0 aborted=0 uncertain=0
T12 C04 create pid=31356 SIGKILL fresh=2 sequence=0 committed=0 aborted=0 uncertain=1
T12 C05 create pid=31406 SIGKILL fresh=2 sequence=2 committed=0 aborted=1 uncertain=0
T12 C06 create pid=31458 SIGKILL fresh=2 sequence=2 committed=0 aborted=1 uncertain=0
T12 C07 create pid=31506 SIGKILL fresh=2 sequence=3 committed=1 aborted=0 uncertain=0
T12 C08 create pid=31560 SIGKILL fresh=2 sequence=3 committed=1 aborted=0 uncertain=0
T12 C09 create pid=31607 SIGKILL fresh=2 sequence=3 committed=1 aborted=0 uncertain=0
T12 C10 create pid=31661 SIGKILL fresh=2 sequence=3 committed=1 aborted=0 uncertain=0
T12 recovery append SIGKILL verified
failed command: cd /Users/guribbong/code/ZCR-state/tasks/MAC-WRITE/zig-local-cache && /Users/guribbong/code/ZCR-state/tasks/MAC-WRITE/zig-local-cache/o/cb4676a6d76b809390f68c94caf4f05a/T12-test --cache-dir=/Users/guribbong/code/ZCR-state/tasks/MAC-WRITE/zig-local-cache --seed=0x9112e2d3 --listen=-

Build Summary: 11/11 steps succeeded; 68/68 tests passed
test success
+- install T11-test success
|  +- compile test T11-test Debug native success 18s MaxRSS:217M
+- run test T11-test 43 pass (43 total) 1m MaxRSS:12M
|  +- compile test T11-test Debug native (reused)
+- install T12-child success
|  +- compile test T12-child Debug native success 20s MaxRSS:219M
|     +- options cached
+- install T12-test success
|  +- compile test T12-test Debug native success 26s MaxRSS:283M
|     +- options (reused)
|     +- options success
|        +- compile test T12-child Debug native (+1 more reused dependencies)
+- run test T12-test 25 pass (25 total) 4m MaxRSS:10M
   +- compile test T12-test Debug native (+2 more reused dependencies)

