test
+- run test T07-test 17 pass, 1 fail (18 total)
error: 't07_test.test.T07 no read starts after cancellation is requested between reads' failed:
       expected 1, found 2
       /Users/guribbong/.local/share/zig/0.16.0/lib/std/testing.zig:118:17: 0x102535153 in expectEqualInner__anon_49779 (T07-test)
                       return error.TestExpectedEqual;
                       ^
       /Users/guribbong/.local/share/zig/0.16.0/lib/std/testing.zig:83:5: 0x102543e4b in expectEqual (T07-test)
           return expectEqualInner(T, expected, actual);
           ^
       /Users/guribbong/code/ZCR-state/tasks/T07/tmp/mut-m15-no-dispatch-cancel/tests/t07_test.zig:624:5: 0x102543ef3 in test.T07 no read starts after cancellation is requested between reads (T07-test)
           try testing.expectEqual(@as(u32, 1), running.starts.load(.monotonic));
           ^
failed command: cd /Users/guribbong/code/ZCR-state/tasks/T07/zig-local-cache && /Users/guribbong/code/ZCR-state/tasks/T07/zig-local-cache/o/18eebfe77912f27d456aa2b66f865139/T07-test --cache-dir=/Users/guribbong/code/ZCR-state/tasks/T07/zig-local-cache --seed=0x4114f6c0 --listen=-

Build Summary: 1/3 steps succeeded (1 failed); 17/18 tests passed (1 failed)
test transitive failure
+- run test T07-test 17 pass, 1 fail (18 total)
   +- compile test T07-test Debug native success 34s MaxRSS:217M

error: the following build command failed with exit code 1:
/Users/guribbong/code/ZCR-state/tasks/T07/zig-local-cache/o/2759f0ba666e46dcb034eb08a284d1a7/build /Users/guribbong/.local/share/zig/0.16.0/zig /Users/guribbong/.local/share/zig/0.16.0/lib /Users/guribbong/code/ZCR-state/tasks/T07/tmp/mut-m15-no-dispatch-cancel /Users/guribbong/code/ZCR-state/tasks/T07/zig-local-cache /Users/guribbong/code/ZCR-state/tasks/T07/zig-global-cache --seed 0x4114f6c0 -Z9e26abef56ef21d4 test -Dtest-group=batch --summary all
