test
+- run test T12-test 23 pass, 1 fail (24 total)
error: 't12_test.test.WR-006 F1 terminal history survives actual commit commit and abort commit fresh restart' failed:
       T12 C01 patch pid=586 SIGKILL fresh=2 sequence=0 committed=0 aborted=0 uncertain=0
       T12 C02 patch pid=629 SIGKILL fresh=2 sequence=0 committed=0 aborted=0 uncertain=0
       T12 C03 patch pid=672 SIGKILL fresh=2 sequence=0 committed=0 aborted=0 uncertain=0
       T12 C04 patch pid=715 SIGKILL fresh=2 sequence=0 committed=0 aborted=0 uncertain=1
       T12 C05 patch pid=758 SIGKILL fresh=2 sequence=2 committed=0 aborted=1 uncertain=0
       T12 C06 patch pid=801 SIGKILL fresh=2 sequence=2 committed=0 aborted=1 uncertain=0
       T12 C07 patch pid=844 SIGKILL fresh=2 sequence=3 committed=1 aborted=0 uncertain=0
       T12 C08 patch pid=887 SIGKILL fresh=2 sequence=3 committed=1 aborted=0 uncertain=0
       T12 C09 patch pid=930 SIGKILL fresh=2 sequence=3 committed=1 aborted=0 uncertain=0
       T12 C10 patch pid=973 SIGKILL fresh=2 sequence=3 committed=1 aborted=0 uncertain=0
       T12 C01 create pid=1016 SIGKILL fresh=2 sequence=0 committed=0 aborted=0 uncertain=0
       T12 C02 create pid=1059 SIGKILL fresh=2 sequence=0 committed=0 aborted=0 uncertain=0
       T12 C03 create pid=1102 SIGKILL fresh=2 sequence=0 committed=0 aborted=0 uncertain=0
       T12 C04 create pid=1145 SIGKILL fresh=2 sequence=0 committed=0 aborted=0 uncertain=1
       T12 C05 create pid=1188 SIGKILL fresh=2 sequence=2 committed=0 aborted=1 uncertain=0
       T12 C06 create pid=1231 SIGKILL fresh=2 sequence=2 committed=0 aborted=1 uncertain=0
       T12 C07 create pid=1274 SIGKILL fresh=2 sequence=3 committed=1 aborted=0 uncertain=0
       T12 C08 create pid=1317 SIGKILL fresh=2 sequence=3 committed=1 aborted=0 uncertain=0
       T12 C09 create pid=1360 SIGKILL fresh=2 sequence=3 committed=1 aborted=0 uncertain=0
       T12 C10 create pid=1403 SIGKILL fresh=2 sequence=3 committed=1 aborted=0 uncertain=0
       T12 recovery append SIGKILL verified
failed command: cd /workspace/scratch/3f4ab65dfb82/state/T12/fix-round1/final-releasesafe/cache && /workspace/scratch/3f4ab65dfb82/state/T12/fix-round1/final-releasesafe/cache/o/3b5bc20faa448c8cf7eba6395d159799/T12-test --cache-dir=/workspace/scratch/3f4ab65dfb82/state/T12/fix-round1/final-releasesafe/cache --seed=0x4c155425 --listen=-

Build Summary: 9/11 steps succeeded (1 failed); 64/65 tests passed (1 failed)
test transitive failure
+- install T11-test success
|  +- compile test T11-test ReleaseSafe native success 22s MaxRSS:539M
+- run test T11-test 41 pass (41 total) 881ms MaxRSS:12M
|  +- compile test T11-test ReleaseSafe native (reused)
+- install T12-child success
|  +- compile test T12-child ReleaseSafe native success 26s MaxRSS:556M
|     +- options success
+- install T12-test success
|  +- compile test T12-test ReleaseSafe native success 25s MaxRSS:591M
|     +- options (reused)
|     +- options success
|        +- compile test T12-child ReleaseSafe native (+1 more reused dependencies)
+- run test T12-test 23 pass, 1 fail (24 total)
   +- compile test T12-test ReleaseSafe native (+2 more reused dependencies)

error: the following build command failed with exit code 1:
/workspace/scratch/3f4ab65dfb82/state/T12/fix-round1/final-releasesafe/cache/o/de94d8b23d3f88fd829df252bfc22c95/build /workspace/scratch/3f4ab65dfb82/toolchain/ziglang/zig /workspace/scratch/3f4ab65dfb82/toolchain/ziglang/lib /workspace/scratch/3f4ab65dfb82/ZCR-T12 /workspace/scratch/3f4ab65dfb82/state/T12/fix-round1/final-releasesafe/cache /workspace/scratch/3f4ab65dfb82/state/T12/fix-round1/final-releasesafe/global-cache --seed 0x4c155425 -Z6ec14f7ab19d576a test -Dtest-group=write -Doptimize=ReleaseSafe -Dinstall-tests=true --prefix /workspace/scratch/3f4ab65dfb82/state/T12/fix-round1/final-releasesafe/out --summary all
