test
+- run test T05-test 7 pass, 3 fail (10 total)
error: 't05_test.test.FS-001 nested .gitignore files and negations give Git's file set' failed:
       expected (11):
         .gitignore
         deep/nested/.gitignore
         deep/nested/c.log
         docs/keep.md
         important.log
         keep.txt
         src/.gitignore
         src/debug.log
         src/sub/local.txt
         src/top-only.txt
         src/z.zig
       actual (11):
         .gitignore
         deep/nested/.gitignore
         deep/nested/c.log
         docs/a/b/draft.md
         docs/draft.md
         docs/keep.md
         important.log
         keep.txt
         src/.gitignore
         src/debug.log
         src/z.zig
       /Users/guribbong/code/ZCR-state/tasks/T05/tmp/mutants/m12-anchored-as-basename/tests/t05_test.zig:174:9: 0x101052d17 in expectSameSet (T05-test)
               return error.TestExpectedEqual;
               ^
       /Users/guribbong/code/ZCR-state/tasks/T05/tmp/mutants/m12-anchored-as-basename/tests/t05_test.zig:207:5: 0x10109a0b7 in test.FS-001 nested .gitignore files and negations give Git's file set (T05-test)
           try expectSameSet(oracle, collector.sorted());
           ^
error: 't05_test.test.FS-002 a file under an excluded directory cannot be re-included, contents of a pattern-excluded directory can' failed:
       expected (3):
         .gitignore
         cache/keep.txt
         vendor/keep/a.txt
       actual (5):
         .gitignore
         cache/drop.txt
         cache/keep.txt
         vendor/drop/b.txt
         vendor/keep/a.txt
       /Users/guribbong/code/ZCR-state/tasks/T05/tmp/mutants/m12-anchored-as-basename/tests/t05_test.zig:174:9: 0x101052d17 in expectSameSet (T05-test)
               return error.TestExpectedEqual;
               ^
       /Users/guribbong/code/ZCR-state/tasks/T05/tmp/mutants/m12-anchored-as-basename/tests/t05_test.zig:230:5: 0x101099603 in test.FS-002 a file under an excluded directory cannot be re-included, contents of a pattern-excluded directory can (T05-test)
           try expectSameSet(oracle, collector.sorted());
           ^
error: 't05_test.test.FS-001 single ignore patterns match git check-ignore' failed:
       pattern /root.txt path sub/root.txt: git=false zcr=true
       /Users/guribbong/code/ZCR-state/tasks/T05/tmp/mutants/m12-anchored-as-basename/tests/t05_test.zig:299:17: 0x10109423f in test.FS-001 single ignore patterns match git check-ignore (T05-test)
                       return error.TestExpectedEqual;
                       ^
failed command: cd /Users/guribbong/code/ZCR-state/tasks/T05/zig-local-cache && /Users/guribbong/code/ZCR-state/tasks/T05/zig-local-cache/o/2fbcfd1e64932a9fe5ecfc5e09a4769f/T05-test --cache-dir=/Users/guribbong/code/ZCR-state/tasks/T05/zig-local-cache --seed=0x5a64c463 --listen=-

Build Summary: 1/3 steps succeeded (1 failed); 7/10 tests passed (3 failed)
test transitive failure
+- run test T05-test 7 pass, 3 fail (10 total)
   +- compile test T05-test Debug native success 5s MaxRSS:256M

error: the following build command failed with exit code 1:
/Users/guribbong/code/ZCR-state/tasks/T05/zig-local-cache/o/5141f98b72c01d7e7e7d84fd5e561ea8/build /Users/guribbong/.local/share/zig/0.16.0/zig /Users/guribbong/.local/share/zig/0.16.0/lib /Users/guribbong/code/ZCR-state/tasks/T05/tmp/mutants/m12-anchored-as-basename /Users/guribbong/code/ZCR-state/tasks/T05/zig-local-cache /Users/guribbong/code/ZCR-state/tasks/T05/zig-global-cache --seed 0x5a64c463 -Z1d6c2c16e0ebe5e3 test -Dtest-group=fs --summary all
