test
+- run test T05-test 8 pass, 2 fail (10 total)
error: 't05_test.test.FS-001 nested .gitignore files and negations give Git's file set' failed:
       expected (11):
         .gitignore
         deep/nested/.gitignore
         deep/nested/c.log
         docs/keep.md
         important.log
         keep.txt
         src/.gitignore
         src/debug.log
         src/sub/local.txt
         src/top-only.txt
         src/z.zig
       actual (13):
         .gitignore
         build/out.bin
         deep/nested/.gitignore
         deep/nested/c.log
         docs/keep.md
         important.log
         keep.txt
         src/.gitignore
         src/build/out.bin
         src/debug.log
         src/sub/local.txt
         src/top-only.txt
         src/z.zig
       /Users/guribbong/code/ZCR-state/tasks/T05/tmp/mutants/m2-enter-ignored-dirs/tests/t05_test.zig:174:9: 0x1010e6d17 in expectSameSet (T05-test)
               return error.TestExpectedEqual;
               ^
       /Users/guribbong/code/ZCR-state/tasks/T05/tmp/mutants/m2-enter-ignored-dirs/tests/t05_test.zig:207:5: 0x10112e0af in test.FS-001 nested .gitignore files and negations give Git's file set (T05-test)
           try expectSameSet(oracle, collector.sorted());
           ^
error: 't05_test.test.FS-002 a file under an excluded directory cannot be re-included, contents of a pattern-excluded directory can' failed:
       expected (3):
         .gitignore
         cache/keep.txt
         vendor/keep/a.txt
       actual (6):
         .gitignore
         build/drop.txt
         build/keep.txt
         cache/keep.txt
         logs/keep.txt
         vendor/keep/a.txt
       /Users/guribbong/code/ZCR-state/tasks/T05/tmp/mutants/m2-enter-ignored-dirs/tests/t05_test.zig:174:9: 0x1010e6d17 in expectSameSet (T05-test)
               return error.TestExpectedEqual;
               ^
       /Users/guribbong/code/ZCR-state/tasks/T05/tmp/mutants/m2-enter-ignored-dirs/tests/t05_test.zig:230:5: 0x10112d5fb in test.FS-002 a file under an excluded directory cannot be re-included, contents of a pattern-excluded directory can (T05-test)
           try expectSameSet(oracle, collector.sorted());
           ^
failed command: cd /Users/guribbong/code/ZCR-state/tasks/T05/zig-local-cache && /Users/guribbong/code/ZCR-state/tasks/T05/zig-local-cache/o/722ea74463cc51bd604bde94cac2b390/T05-test --cache-dir=/Users/guribbong/code/ZCR-state/tasks/T05/zig-local-cache --seed=0x4cefe53b --listen=-

Build Summary: 1/3 steps succeeded (1 failed); 8/10 tests passed (2 failed)
test transitive failure
+- run test T05-test 8 pass, 2 fail (10 total)
   +- compile test T05-test Debug native success 6s MaxRSS:254M

error: the following build command failed with exit code 1:
/Users/guribbong/code/ZCR-state/tasks/T05/zig-local-cache/o/5141f98b72c01d7e7e7d84fd5e561ea8/build /Users/guribbong/.local/share/zig/0.16.0/zig /Users/guribbong/.local/share/zig/0.16.0/lib /Users/guribbong/code/ZCR-state/tasks/T05/tmp/mutants/m2-enter-ignored-dirs /Users/guribbong/code/ZCR-state/tasks/T05/zig-local-cache /Users/guribbong/code/ZCR-state/tasks/T05/zig-global-cache --seed 0x4cefe53b -Zec8d53599f2f7df0 test -Dtest-group=fs --summary all
