test
+- run test T04-test 9 pass, 1 fail (10 total); 1 leaks
error: 't04_test.test.IO-005 short reads and interrupted reads give the same result as a plain read' failed:
       expected 0, found 525312
       /Users/guribbong/.local/share/zig/0.16.0/lib/std/testing.zig:118:17: 0x10092a2df in expectEqualInner__anon_37642 (T04-test)
                       return error.TestExpectedEqual;
                       ^
       /Users/guribbong/.local/share/zig/0.16.0/lib/std/testing.zig:83:5: 0x10092b17f in expectEqual (T04-test)
           return expectEqualInner(T, expected, actual);
           ^
       /Users/guribbong/code/ZCR-worktrees/task-t04/tests/t04_test.zig:115:9: 0x10092b1fb in finish (T04-test)
               try testing.expectEqual(@as(u64, 0), h.budget.usage().bytes);
               ^
       /Users/guribbong/code/ZCR-worktrees/task-t04/tests/t04_test.zig:344:5: 0x10095861f in test.IO-005 short reads and interrupted reads give the same result as a plain read (T04-test)
           try h.finish(&plain);
           ^
       [DebugAllocator] (err): memory address 0x100c08000 leaked: 
       /Users/guribbong/.local/share/zig/0.16.0/lib/std/mem/Allocator.zig:142:26: 0x10082e30f in rawAlloc (T04-test)
           return a.vtable.alloc(a.ptr, len, alignment, ret_addr);
                                ^
       /Users/guribbong/.local/share/zig/0.16.0/lib/std/mem/Allocator.zig:286:40: 0x100837bd7 in allocWithSizeAndAlignment__anon_9797 (T04-test)
           return self.allocBytesWithAlignment(alignment, byte_count, return_address);
                                              ^
       /Users/guribbong/.local/share/zig/0.16.0/lib/std/mem/Allocator.zig:274:89: 0x1008379f3 in allocAdvancedWithRetAddr (T04-test)
           const ptr: [*]align(a.toByteUnits()) T = @ptrCast(try self.allocWithSizeAndAlignment(@sizeOf(T), a, n, return_address));
                                                                                               ^
       /Users/guribbong/code/ZCR-worktrees/task-t04/src/fs/read.zig:157:63: 0x10093126b in readOnce (T04-test)
               const block = try owned.arena.allocator().alignedAlloc(u8, .of(core.Line), total);
                                                                     ^
       /Users/guribbong/code/ZCR-worktrees/task-t04/src/fs/read.zig:86:26: 0x1009308eb in readRange (T04-test)
                   self.readOnce(io, allocator, &owned, spec, reservation, cancel, attempt) catch |err| switch (err) {
                                ^
       /Users/guribbong/code/ZCR-worktrees/task-t04/tests/t04_test.zig:106:45: 0x10092ab9b in read (T04-test)
               const owned = try h.reader.readRange(io, reserved.allocator(), capability, s, &reservation, h.cancel());
                                                   ^
       /Users/guribbong/code/ZCR-worktrees/task-t04/tests/t04_test.zig:334:28: 0x100957f8b in test.IO-005 short reads and interrupted reads give the same result as a plain read (T04-test)
           var faulty = try h.read(Harness.spec("rows.txt", 100, 50));
                                  ^
       /Users/guribbong/.local/share/zig/0.16.0/lib/compiler/test_runner.zig:140:68: 0x10090712f in mainServer (T04-test)
                       const status: TestResults.Status = if (test_fn.func()) |v| s: {
                                                                          ^
       /Users/guribbong/.local/share/zig/0.16.0/lib/compiler/test_runner.zig:71:26: 0x1009077df in main (T04-test)
               return mainServer(init) catch |err| panic("internal test runner failure: {t}", .{err});
                                ^
       /Users/guribbong/.local/share/zig/0.16.0/lib/std/start.zig:699:88: 0x1009055a3 in callMain (T04-test)
           if (fn_info.params[0].type.? == std.process.Init.Minimal) return wrapMain(root.main(.{
                                                                                              ^
       (additional stack frames may have been skipped...)
failed command: cd /Users/guribbong/code/ZCR-state/tasks/T04/zig-local-cache && /Users/guribbong/code/ZCR-state/tasks/T04/zig-local-cache/o/d90e38cdef97250512a31170c63e9390/T04-test --cache-dir=/Users/guribbong/code/ZCR-state/tasks/T04/zig-local-cache --seed=0x75acb843 --listen=-

Build Summary: 1/3 steps succeeded (1 failed); 9/10 tests passed (1 failed)
test transitive failure
+- run test T04-test 9 pass, 1 fail (10 total); 1 leaks
   +- compile test T04-test Debug native success 9s MaxRSS:200M

error: the following build command failed with exit code 1:
/Users/guribbong/code/ZCR-state/tasks/T04/zig-local-cache/o/12ecb60e287f5a624443e3faa2ba9fc4/build /Users/guribbong/.local/share/zig/0.16.0/zig /Users/guribbong/.local/share/zig/0.16.0/lib /Users/guribbong/code/ZCR-worktrees/task-t04 /Users/guribbong/code/ZCR-state/tasks/T04/zig-local-cache /Users/guribbong/code/ZCR-state/tasks/T04/zig-global-cache --seed 0x75acb843 -Z03e1ecf0cfc4bc2e test -Dtest-group=io -Doptimize=Debug --summary all
