test
+- run test T04-test 9 pass, 1 fail (10 total); 1 leaks
error: 't04_test.test.IO-005 a change after open is retried once and never mixes versions' failed:
       expected 2, found 1
       /Users/guribbong/.local/share/zig/0.16.0/lib/std/testing.zig:118:17: 0x1010f9f53 in expectEqualInner__anon_41084 (T04-test)
                       return error.TestExpectedEqual;
                       ^
       /Users/guribbong/.local/share/zig/0.16.0/lib/std/testing.zig:83:5: 0x1010fa31b in expectEqual (T04-test)
           return expectEqualInner(T, expected, actual);
           ^
       /Users/guribbong/code/ZCR-state/tasks/T04/tmp/mutants/m1-no-metadata-recheck/tests/t04_test.zig:363:5: 0x1010fa3db in test.IO-005 a change after open is retried once and never mixes versions (T04-test)
           try testing.expectEqual(@as(u32, 2), fault.attempts);
           ^
       [DebugAllocator] (err): memory address 0x105d40000 leaked: 
       /Users/guribbong/.local/share/zig/0.16.0/lib/std/mem/Allocator.zig:142:26: 0x100fd230f in rawAlloc (T04-test)
           return a.vtable.alloc(a.ptr, len, alignment, ret_addr);
                                ^
       /Users/guribbong/.local/share/zig/0.16.0/lib/std/mem/Allocator.zig:286:40: 0x100fdbbd7 in allocWithSizeAndAlignment__anon_9797 (T04-test)
           return self.allocBytesWithAlignment(alignment, byte_count, return_address);
                                              ^
       /Users/guribbong/.local/share/zig/0.16.0/lib/std/mem/Allocator.zig:274:89: 0x100fdb9f3 in allocAdvancedWithRetAddr (T04-test)
           const ptr: [*]align(a.toByteUnits()) T = @ptrCast(try self.allocWithSizeAndAlignment(@sizeOf(T), a, n, return_address));
                                                                                               ^
       /Users/guribbong/code/ZCR-state/tasks/T04/tmp/mutants/m1-no-metadata-recheck/src/fs/read.zig:157:63: 0x1010d52e3 in readOnce (T04-test)
               const block = try owned.arena.allocator().alignedAlloc(u8, .of(core.Line), total);
                                                                     ^
       /Users/guribbong/code/ZCR-state/tasks/T04/tmp/mutants/m1-no-metadata-recheck/src/fs/read.zig:86:26: 0x1010d4963 in readRange (T04-test)
                   self.readOnce(io, allocator, &owned, spec, reservation, cancel, attempt) catch |err| switch (err) {
                                ^
       /Users/guribbong/code/ZCR-state/tasks/T04/tmp/mutants/m1-no-metadata-recheck/tests/t04_test.zig:106:45: 0x1010ceb9b in read (T04-test)
               const owned = try h.reader.readRange(io, reserved.allocator(), capability, s, &reservation, h.cancel());
                                                   ^
       /Users/guribbong/code/ZCR-state/tasks/T04/tmp/mutants/m1-no-metadata-recheck/tests/t04_test.zig:362:29: 0x1010fa1cb in test.IO-005 a change after open is retried once and never mixes versions (T04-test)
           var retried = try h.read(Harness.spec("c.txt", 1, 10));
                                   ^
       /Users/guribbong/.local/share/zig/0.16.0/lib/compiler/test_runner.zig:140:68: 0x1010ab12f in mainServer (T04-test)
                       const status: TestResults.Status = if (test_fn.func()) |v| s: {
                                                                          ^
       /Users/guribbong/.local/share/zig/0.16.0/lib/compiler/test_runner.zig:71:26: 0x1010ab7df in main (T04-test)
               return mainServer(init) catch |err| panic("internal test runner failure: {t}", .{err});
                                ^
       /Users/guribbong/.local/share/zig/0.16.0/lib/std/start.zig:699:88: 0x1010a95a3 in callMain (T04-test)
           if (fn_info.params[0].type.? == std.process.Init.Minimal) return wrapMain(root.main(.{
                                                                                              ^
       (additional stack frames may have been skipped...)
failed command: cd /Users/guribbong/code/ZCR-state/tasks/T04/zig-local-cache && /Users/guribbong/code/ZCR-state/tasks/T04/zig-local-cache/o/6df4cbf21afe56dd910d4e45fb9e62f4/T04-test --cache-dir=/Users/guribbong/code/ZCR-state/tasks/T04/zig-local-cache --seed=0x32b98035 --listen=-

Build Summary: 1/3 steps succeeded (1 failed); 9/10 tests passed (1 failed)
test transitive failure
+- run test T04-test 9 pass, 1 fail (10 total); 1 leaks
   +- compile test T04-test Debug native success 8s MaxRSS:194M

error: the following build command failed with exit code 1:
/Users/guribbong/code/ZCR-state/tasks/T04/zig-local-cache/o/12ecb60e287f5a624443e3faa2ba9fc4/build /Users/guribbong/.local/share/zig/0.16.0/zig /Users/guribbong/.local/share/zig/0.16.0/lib /Users/guribbong/code/ZCR-state/tasks/T04/tmp/mutants/m1-no-metadata-recheck /Users/guribbong/code/ZCR-state/tasks/T04/zig-local-cache /Users/guribbong/code/ZCR-state/tasks/T04/zig-global-cache --seed 0x32b98035 -Z3986a550f53d8808 test -Dtest-group=io --summary all
