test
+- run test T04-test 9 pass, 1 fail (10 total); 1 leaks
error: 't04_test.test.IO-005 short reads and interrupted reads give the same result as a plain read' failed:
       /Users/guribbong/code/ZCR-state/tasks/T04/tmp/mutants/m10-short-read-as-complete/src/fs/read.zig:96:9: 0x1050ac8a7 in readRange (T04-test)
               return error.VersionConflict;
               ^
       /Users/guribbong/code/ZCR-state/tasks/T04/tmp/mutants/m10-short-read-as-complete/tests/t04_test.zig:106:23: 0x1050a6d1f in read (T04-test)
               const owned = try h.reader.readRange(io, reserved.allocator(), capability, s, &reservation, h.cancel());
                             ^
       /Users/guribbong/code/ZCR-state/tasks/T04/tmp/mutants/m10-short-read-as-complete/tests/t04_test.zig:336:18: 0x1050d40f7 in test.IO-005 short reads and interrupted reads give the same result as a plain read (T04-test)
           var faulty = try h.read(Harness.spec("rows.txt", 100, 50));
                        ^
       [DebugAllocator] (err): memory address 0x109d84000 leaked: 
       /Users/guribbong/.local/share/zig/0.16.0/lib/std/mem/Allocator.zig:142:26: 0x104faa30f in rawAlloc (T04-test)
           return a.vtable.alloc(a.ptr, len, alignment, ret_addr);
                                ^
       /Users/guribbong/.local/share/zig/0.16.0/lib/std/mem/Allocator.zig:286:40: 0x104fb3bd7 in allocWithSizeAndAlignment__anon_9797 (T04-test)
           return self.allocBytesWithAlignment(alignment, byte_count, return_address);
                                              ^
       /Users/guribbong/.local/share/zig/0.16.0/lib/std/mem/Allocator.zig:274:89: 0x104fb39f3 in allocAdvancedWithRetAddr (T04-test)
           const ptr: [*]align(a.toByteUnits()) T = @ptrCast(try self.allocWithSizeAndAlignment(@sizeOf(T), a, n, return_address));
                                                                                               ^
       /Users/guribbong/code/ZCR-state/tasks/T04/tmp/mutants/m10-short-read-as-complete/src/fs/read.zig:157:63: 0x1050ad2e3 in readOnce (T04-test)
               const block = try owned.arena.allocator().alignedAlloc(u8, .of(core.Line), total);
                                                                     ^
       /Users/guribbong/code/ZCR-state/tasks/T04/tmp/mutants/m10-short-read-as-complete/src/fs/read.zig:86:26: 0x1050ac963 in readRange (T04-test)
                   self.readOnce(io, allocator, &owned, spec, reservation, cancel, attempt) catch |err| switch (err) {
                                ^
       /Users/guribbong/code/ZCR-state/tasks/T04/tmp/mutants/m10-short-read-as-complete/tests/t04_test.zig:106:45: 0x1050a6b9b in read (T04-test)
               const owned = try h.reader.readRange(io, reserved.allocator(), capability, s, &reservation, h.cancel());
                                                   ^
       /Users/guribbong/code/ZCR-state/tasks/T04/tmp/mutants/m10-short-read-as-complete/tests/t04_test.zig:333:27: 0x1050d3e8b in test.IO-005 short reads and interrupted reads give the same result as a plain read (T04-test)
           var plain = try h.read(Harness.spec("rows.txt", 100, 50));
                                 ^
       /Users/guribbong/.local/share/zig/0.16.0/lib/compiler/test_runner.zig:140:68: 0x10508312f in mainServer (T04-test)
                       const status: TestResults.Status = if (test_fn.func()) |v| s: {
                                                                          ^
       /Users/guribbong/.local/share/zig/0.16.0/lib/compiler/test_runner.zig:71:26: 0x1050837df in main (T04-test)
               return mainServer(init) catch |err| panic("internal test runner failure: {t}", .{err});
                                ^
       /Users/guribbong/.local/share/zig/0.16.0/lib/std/start.zig:699:88: 0x1050815a3 in callMain (T04-test)
           if (fn_info.params[0].type.? == std.process.Init.Minimal) return wrapMain(root.main(.{
                                                                                              ^
       (additional stack frames may have been skipped...)
failed command: cd /Users/guribbong/code/ZCR-state/tasks/T04/zig-local-cache && /Users/guribbong/code/ZCR-state/tasks/T04/zig-local-cache/o/66b9b9998e2a40e0229a97d185df3c60/T04-test --cache-dir=/Users/guribbong/code/ZCR-state/tasks/T04/zig-local-cache --seed=0xe73c26a4 --listen=-

Build Summary: 1/3 steps succeeded (1 failed); 9/10 tests passed (1 failed)
test transitive failure
+- run test T04-test 9 pass, 1 fail (10 total); 1 leaks
   +- compile test T04-test Debug native success 7s MaxRSS:193M

error: the following build command failed with exit code 1:
/Users/guribbong/code/ZCR-state/tasks/T04/zig-local-cache/o/12ecb60e287f5a624443e3faa2ba9fc4/build /Users/guribbong/.local/share/zig/0.16.0/zig /Users/guribbong/.local/share/zig/0.16.0/lib /Users/guribbong/code/ZCR-state/tasks/T04/tmp/mutants/m10-short-read-as-complete /Users/guribbong/code/ZCR-state/tasks/T04/zig-local-cache /Users/guribbong/code/ZCR-state/tasks/T04/zig-global-cache --seed 0xe73c26a4 -Z7562f0a0c17ab532 test -Dtest-group=io --summary all
