test
+- run test T04-test 9 pass, 1 fail (10 total); 1 leaks
error: 't04_test.test.IO-006 write intent hashes the whole 8 MiB file and every descriptor and byte is returned' failed:
       /Users/guribbong/.local/share/zig/0.16.0/lib/std/testing.zig:615:14: 0x100ae3f4f in expect (T04-test)
           if (!ok) return error.TestUnexpectedResult;
                    ^
       /Users/guribbong/code/ZCR-state/tasks/T04/tmp/mutants/m3-hash-over-limit/tests/t04_test.zig:420:5: 0x100ae50d7 in test.IO-006 write intent hashes the whole 8 MiB file and every descriptor and byte is returned (T04-test)
           try testing.expect(over.owned.value.version.sha256 == null);
           ^
       [DebugAllocator] (err): memory address 0x1082a0000 leaked: 
       /Users/guribbong/.local/share/zig/0.16.0/lib/std/mem/Allocator.zig:142:26: 0x1009be30f in rawAlloc (T04-test)
           return a.vtable.alloc(a.ptr, len, alignment, ret_addr);
                                ^
       /Users/guribbong/.local/share/zig/0.16.0/lib/std/mem/Allocator.zig:286:40: 0x1009c7bd7 in allocWithSizeAndAlignment__anon_9797 (T04-test)
           return self.allocBytesWithAlignment(alignment, byte_count, return_address);
                                              ^
       /Users/guribbong/.local/share/zig/0.16.0/lib/std/mem/Allocator.zig:274:89: 0x1009c79f3 in allocAdvancedWithRetAddr (T04-test)
           const ptr: [*]align(a.toByteUnits()) T = @ptrCast(try self.allocWithSizeAndAlignment(@sizeOf(T), a, n, return_address));
                                                                                               ^
       /Users/guribbong/code/ZCR-state/tasks/T04/tmp/mutants/m3-hash-over-limit/src/fs/read.zig:157:63: 0x100ac12af in readOnce (T04-test)
               const block = try owned.arena.allocator().alignedAlloc(u8, .of(core.Line), total);
                                                                     ^
       /Users/guribbong/code/ZCR-state/tasks/T04/tmp/mutants/m3-hash-over-limit/src/fs/read.zig:86:26: 0x100ac0963 in readRange (T04-test)
                   self.readOnce(io, allocator, &owned, spec, reservation, cancel, attempt) catch |err| switch (err) {
                                ^
       /Users/guribbong/code/ZCR-state/tasks/T04/tmp/mutants/m3-hash-over-limit/tests/t04_test.zig:106:45: 0x100abab9b in read (T04-test)
               const owned = try h.reader.readRange(io, reserved.allocator(), capability, s, &reservation, h.cancel());
                                                   ^
       /Users/guribbong/code/ZCR-state/tasks/T04/tmp/mutants/m3-hash-over-limit/tests/t04_test.zig:419:26: 0x100ae4edf in test.IO-006 write intent hashes the whole 8 MiB file and every descriptor and byte is returned (T04-test)
           var over = try h.read(over_spec);
                                ^
       /Users/guribbong/.local/share/zig/0.16.0/lib/compiler/test_runner.zig:140:68: 0x100a9712f in mainServer (T04-test)
                       const status: TestResults.Status = if (test_fn.func()) |v| s: {
                                                                          ^
       /Users/guribbong/.local/share/zig/0.16.0/lib/compiler/test_runner.zig:71:26: 0x100a977df in main (T04-test)
               return mainServer(init) catch |err| panic("internal test runner failure: {t}", .{err});
                                ^
       /Users/guribbong/.local/share/zig/0.16.0/lib/std/start.zig:699:88: 0x100a955a3 in callMain (T04-test)
           if (fn_info.params[0].type.? == std.process.Init.Minimal) return wrapMain(root.main(.{
                                                                                              ^
       (additional stack frames may have been skipped...)
failed command: cd /Users/guribbong/code/ZCR-state/tasks/T04/zig-local-cache && /Users/guribbong/code/ZCR-state/tasks/T04/zig-local-cache/o/d4983058f1e52cf213f9f2f1a0e2f567/T04-test --cache-dir=/Users/guribbong/code/ZCR-state/tasks/T04/zig-local-cache --seed=0xc00a02e5 --listen=-

Build Summary: 1/3 steps succeeded (1 failed); 9/10 tests passed (1 failed)
test transitive failure
+- run test T04-test 9 pass, 1 fail (10 total); 1 leaks
   +- compile test T04-test Debug native success 6s MaxRSS:244M

error: the following build command failed with exit code 1:
/Users/guribbong/code/ZCR-state/tasks/T04/zig-local-cache/o/12ecb60e287f5a624443e3faa2ba9fc4/build /Users/guribbong/.local/share/zig/0.16.0/zig /Users/guribbong/.local/share/zig/0.16.0/lib /Users/guribbong/code/ZCR-state/tasks/T04/tmp/mutants/m3-hash-over-limit /Users/guribbong/code/ZCR-state/tasks/T04/zig-local-cache /Users/guribbong/code/ZCR-state/tasks/T04/zig-global-cache --seed 0xc00a02e5 -Z00f21d9adbf7b29f test -Dtest-group=io --summary all
