test
+- run test T04-test 9 pass, 1 fail (10 total)
error: 't04_test.test.T04 capability, reservation and consistency must match the request' failed:
       expected Unsupported, read succeeded
       /Users/guribbong/code/ZCR-state/tasks/T04/tmp/mutants/m6-no-binary-check/src/fs/metadata.zig:51:33: 0x100d70f37 in openRegular (T04-test)
           if (entry.kind != .regular) return error.NotRegular;
                                       ^
       /Users/guribbong/code/ZCR-state/tasks/T04/tmp/mutants/m6-no-binary-check/src/fs/read.zig:130:24: 0x100d5cdd3 in readOnce (T04-test)
               const opened = try metadata.openRegular(io, self.root.dir, spec.path.bytes);
                              ^
       /Users/guribbong/code/ZCR-state/tasks/T04/tmp/mutants/m6-no-binary-check/src/fs/read.zig:92:29: 0x100d5caf3 in readRange (T04-test)
                       else => |e| return e,
                                   ^
       /Users/guribbong/code/ZCR-state/tasks/T04/tmp/mutants/m6-no-binary-check/src/fs/metadata.zig:51:33: 0x100d70f37 in openRegular (T04-test)
           if (entry.kind != .regular) return error.NotRegular;
                                       ^
       /Users/guribbong/code/ZCR-state/tasks/T04/tmp/mutants/m6-no-binary-check/src/fs/read.zig:130:24: 0x100d5cdd3 in readOnce (T04-test)
               const opened = try metadata.openRegular(io, self.root.dir, spec.path.bytes);
                              ^
       /Users/guribbong/code/ZCR-state/tasks/T04/tmp/mutants/m6-no-binary-check/src/fs/read.zig:92:29: 0x100d5caf3 in readRange (T04-test)
                       else => |e| return e,
                                   ^
       /Users/guribbong/code/ZCR-state/tasks/T04/tmp/mutants/m6-no-binary-check/src/policy/paths.zig:112:37: 0x100d6ac53 in resolve (T04-test)
               if (entry.kind == .symlink) return error.PathEscape;
                                           ^
       /Users/guribbong/code/ZCR-state/tasks/T04/tmp/mutants/m6-no-binary-check/src/fs/metadata.zig:72:71: 0x100d6a037 in resolveFinal (T04-test)
           const resolved = policy.paths.resolve(io, root, path) catch |err| return switch (err) {
                                                                             ^
       /Users/guribbong/code/ZCR-state/tasks/T04/tmp/mutants/m6-no-binary-check/src/fs/metadata.zig:49:22: 0x100d70e4f in openRegular (T04-test)
           const resolved = try resolveFinal(io, root, path);
                            ^
       /Users/guribbong/code/ZCR-state/tasks/T04/tmp/mutants/m6-no-binary-check/src/fs/read.zig:130:24: 0x100d5cdd3 in readOnce (T04-test)
               const opened = try metadata.openRegular(io, self.root.dir, spec.path.bytes);
                              ^
       /Users/guribbong/code/ZCR-state/tasks/T04/tmp/mutants/m6-no-binary-check/src/fs/read.zig:92:29: 0x100d5caf3 in readRange (T04-test)
                       else => |e| return e,
                                   ^
       /Users/guribbong/code/ZCR-state/tasks/T04/tmp/mutants/m6-no-binary-check/src/fs/metadata.zig:50:35: 0x100d70eaf in openRegular (T04-test)
           const entry = resolved orelse return error.NotFound;
                                         ^
       /Users/guribbong/code/ZCR-state/tasks/T04/tmp/mutants/m6-no-binary-check/src/fs/read.zig:130:24: 0x100d5cdd3 in readOnce (T04-test)
               const opened = try metadata.openRegular(io, self.root.dir, spec.path.bytes);
                              ^
       /Users/guribbong/code/ZCR-state/tasks/T04/tmp/mutants/m6-no-binary-check/src/fs/read.zig:92:29: 0x100d5caf3 in readRange (T04-test)
                       else => |e| return e,
                                   ^
       /Users/guribbong/code/ZCR-state/tasks/T04/tmp/mutants/m6-no-binary-check/tests/t04_test.zig:131:13: 0x100d56667 in expectReadError (T04-test)
                   return error.TestUnexpectedSuccess;
                   ^
       /Users/guribbong/code/ZCR-state/tasks/T04/tmp/mutants/m6-no-binary-check/tests/t04_test.zig:540:5: 0x100d58487 in test.T04 capability, reservation and consistency must match the request (T04-test)
           try h.expectReadError(error.Unsupported, Harness.spec("bin.dat", 1, 2));
           ^
failed command: cd /Users/guribbong/code/ZCR-state/tasks/T04/zig-local-cache && /Users/guribbong/code/ZCR-state/tasks/T04/zig-local-cache/o/3f14d115c0040d2a5992a74fa3478c83/T04-test --cache-dir=/Users/guribbong/code/ZCR-state/tasks/T04/zig-local-cache --seed=0x67fb3baf --listen=-

Build Summary: 1/3 steps succeeded (1 failed); 9/10 tests passed (1 failed)
test transitive failure
+- run test T04-test 9 pass, 1 fail (10 total)
   +- compile test T04-test Debug native success 6s MaxRSS:195M

error: the following build command failed with exit code 1:
/Users/guribbong/code/ZCR-state/tasks/T04/zig-local-cache/o/12ecb60e287f5a624443e3faa2ba9fc4/build /Users/guribbong/.local/share/zig/0.16.0/zig /Users/guribbong/.local/share/zig/0.16.0/lib /Users/guribbong/code/ZCR-state/tasks/T04/tmp/mutants/m6-no-binary-check /Users/guribbong/code/ZCR-state/tasks/T04/zig-local-cache /Users/guribbong/code/ZCR-state/tasks/T04/zig-global-cache --seed 0x67fb3baf -Z70cc28b57dbd48bb test -Dtest-group=io --summary all
