test
+- run test T04-test 9 pass, 1 fail (10 total)
error: 't04_test.test.T04 cancellation before open and between chunks closes the file and frees scratch' failed:
       expected 1, found 6
       /Users/guribbong/code/ZCR-state/tasks/T04/tmp/mutants/m7b-no-cancel-in-scan/src/fs/metadata.zig:51:33: 0x100b6cfe7 in openRegular (T04-test)
           if (entry.kind != .regular) return error.NotRegular;
                                       ^
       /Users/guribbong/code/ZCR-state/tasks/T04/tmp/mutants/m7b-no-cancel-in-scan/src/fs/read.zig:130:24: 0x100b58dd3 in readOnce (T04-test)
               const opened = try metadata.openRegular(io, self.root.dir, spec.path.bytes);
                              ^
       /Users/guribbong/code/ZCR-state/tasks/T04/tmp/mutants/m7b-no-cancel-in-scan/src/fs/read.zig:92:29: 0x100b58af3 in readRange (T04-test)
                       else => |e| return e,
                                   ^
       /Users/guribbong/code/ZCR-state/tasks/T04/tmp/mutants/m7b-no-cancel-in-scan/src/fs/metadata.zig:51:33: 0x100b6cfe7 in openRegular (T04-test)
           if (entry.kind != .regular) return error.NotRegular;
                                       ^
       /Users/guribbong/code/ZCR-state/tasks/T04/tmp/mutants/m7b-no-cancel-in-scan/src/fs/read.zig:130:24: 0x100b58dd3 in readOnce (T04-test)
               const opened = try metadata.openRegular(io, self.root.dir, spec.path.bytes);
                              ^
       /Users/guribbong/code/ZCR-state/tasks/T04/tmp/mutants/m7b-no-cancel-in-scan/src/fs/read.zig:92:29: 0x100b58af3 in readRange (T04-test)
                       else => |e| return e,
                                   ^
       /Users/guribbong/code/ZCR-state/tasks/T04/tmp/mutants/m7b-no-cancel-in-scan/src/policy/paths.zig:112:37: 0x100b66ccf in resolve (T04-test)
               if (entry.kind == .symlink) return error.PathEscape;
                                           ^
       /Users/guribbong/code/ZCR-state/tasks/T04/tmp/mutants/m7b-no-cancel-in-scan/src/fs/metadata.zig:72:71: 0x100b660b3 in resolveFinal (T04-test)
           const resolved = policy.paths.resolve(io, root, path) catch |err| return switch (err) {
                                                                             ^
       /Users/guribbong/code/ZCR-state/tasks/T04/tmp/mutants/m7b-no-cancel-in-scan/src/fs/metadata.zig:49:22: 0x100b6ceff in openRegular (T04-test)
           const resolved = try resolveFinal(io, root, path);
                            ^
       /Users/guribbong/code/ZCR-state/tasks/T04/tmp/mutants/m7b-no-cancel-in-scan/src/fs/read.zig:130:24: 0x100b58dd3 in readOnce (T04-test)
               const opened = try metadata.openRegular(io, self.root.dir, spec.path.bytes);
                              ^
       /Users/guribbong/code/ZCR-state/tasks/T04/tmp/mutants/m7b-no-cancel-in-scan/src/fs/read.zig:92:29: 0x100b58af3 in readRange (T04-test)
                       else => |e| return e,
                                   ^
       /Users/guribbong/code/ZCR-state/tasks/T04/tmp/mutants/m7b-no-cancel-in-scan/src/fs/metadata.zig:50:35: 0x100b6cf5f in openRegular (T04-test)
           const entry = resolved orelse return error.NotFound;
                                         ^
       /Users/guribbong/code/ZCR-state/tasks/T04/tmp/mutants/m7b-no-cancel-in-scan/src/fs/read.zig:130:24: 0x100b58dd3 in readOnce (T04-test)
               const opened = try metadata.openRegular(io, self.root.dir, spec.path.bytes);
                              ^
       /Users/guribbong/code/ZCR-state/tasks/T04/tmp/mutants/m7b-no-cancel-in-scan/src/fs/read.zig:92:29: 0x100b58af3 in readRange (T04-test)
                       else => |e| return e,
                                   ^
       /Users/guribbong/.local/share/zig/0.16.0/lib/std/testing.zig:118:17: 0x100b77f67 in expectEqualInner__anon_40807 (T04-test)
                       return error.TestExpectedEqual;
                       ^
       /Users/guribbong/.local/share/zig/0.16.0/lib/std/testing.zig:83:5: 0x100b78733 in expectEqual (T04-test)
           return expectEqualInner(T, expected, actual);
           ^
       /Users/guribbong/code/ZCR-state/tasks/T04/tmp/mutants/m7b-no-cancel-in-scan/tests/t04_test.zig:497:5: 0x100b787f3 in test.T04 cancellation before open and between chunks closes the file and frees scratch (T04-test)
           try testing.expectEqual(@as(u32, 1), on_chunk.last_chunk);
           ^
failed command: cd /Users/guribbong/code/ZCR-state/tasks/T04/zig-local-cache && /Users/guribbong/code/ZCR-state/tasks/T04/zig-local-cache/o/e0d13b1953c551f24abe905a73457439/T04-test --cache-dir=/Users/guribbong/code/ZCR-state/tasks/T04/zig-local-cache --seed=0x81f84c38 --listen=-

Build Summary: 1/3 steps succeeded (1 failed); 9/10 tests passed (1 failed)
test transitive failure
+- run test T04-test 9 pass, 1 fail (10 total)
   +- compile test T04-test Debug native success 6s MaxRSS:199M

error: the following build command failed with exit code 1:
/Users/guribbong/code/ZCR-state/tasks/T04/zig-local-cache/o/12ecb60e287f5a624443e3faa2ba9fc4/build /Users/guribbong/.local/share/zig/0.16.0/zig /Users/guribbong/.local/share/zig/0.16.0/lib /Users/guribbong/code/ZCR-state/tasks/T04/tmp/mutants/m7b-no-cancel-in-scan /Users/guribbong/code/ZCR-state/tasks/T04/zig-local-cache /Users/guribbong/code/ZCR-state/tasks/T04/zig-global-cache --seed 0x81f84c38 -Z3771b5861c501e33 test -Dtest-group=io --summary all
