test
+- fail failure
error: registered test file tests/t08_test.zig is missing (T08 not delivered yet)

Build Summary: 28/30 steps succeeded (1 failed); 103/103 tests passed
test transitive failure
+- install T00-test success
|  +- compile test T00-test Debug native success 35s MaxRSS:284M
+- run test T00-test 11 pass (11 total) 2s MaxRSS:10M
|  +- compile test T00-test Debug native (reused)
+- install T01-test success
|  +- compile test T01-test Debug native success 34s MaxRSS:234M
|     +- options success
+- run test T01-test 18 pass (18 total) 16s MaxRSS:10M
|  +- compile test T01-test Debug native (+1 more reused dependencies)
+- install T02-test success
|  +- compile test T02-test Debug native success 9s MaxRSS:218M
|     +- options (reused)
+- run test T02-test 12 pass (12 total) 8s MaxRSS:11M
|  +- compile test T02-test Debug native (+1 more reused dependencies)
+- install T03-test success
|  +- compile test T03-test Debug native success 28s MaxRSS:148M
+- run test T03-test 12 pass (12 total) 8s MaxRSS:9M
|  +- compile test T03-test Debug native (reused)
+- install T04-test success
|  +- compile test T04-test Debug native success 29s MaxRSS:179M
+- run test T04-test 10 pass (10 total) 7s MaxRSS:20M
|  +- compile test T04-test Debug native (reused)
+- install T05-test success
|  +- compile test T05-test Debug native success 29s MaxRSS:202M
+- run test T05-test 11 pass (11 total) 25s MaxRSS:9M
|  +- compile test T05-test Debug native (reused)
+- install T06-test success
|  +- compile test T06-test Debug native success 29s MaxRSS:187M
+- run test T06-test 11 pass (11 total) 2s MaxRSS:9M
|  +- compile test T06-test Debug native (reused)
+- install T07-test success
|  +- compile test T07-test Debug native success 33s MaxRSS:209M
+- run test T07-test 18 pass (18 total) 1s MaxRSS:7M
|  +- compile test T07-test Debug native (reused)
+- fail failure
+- run exe zcr success 589ms
|  +- compile exe zcr Debug native success 7s MaxRSS:169M
|     +- options (reused)
+- run exe zcr success 550ms
   +- compile exe zcr Debug native (+1 more reused dependencies)

error: the following build command failed with exit code 1:
/Users/guribbong/code/ZCR-state/integration/zig-local-cache/o/75ae77e21df719264d3a361bfc14931c/build /Users/guribbong/.local/share/zig/0.16.0/zig /Users/guribbong/.local/share/zig/0.16.0/lib /Users/guribbong/code/ZCR-worktrees/integration /Users/guribbong/code/ZCR-state/integration/zig-local-cache /Users/guribbong/code/ZCR-state/integration/zig-global-cache --seed 0xcd498bac -Z4c07e2138e966448 test -Doptimize=Debug -Dinstall-tests=true --prefix /Users/guribbong/code/ZCR-state/integration/out-int7-all-debug --summary all
