.{
    .zig_exe = "/Users/runner/work/_temp/zcr-native-34681109500-1-x86_64-macos/toolchain/zig-x86_64-macos-0.16.0/zig",
    .lib_dir = "/Users/runner/work/_temp/zcr-native-34681109500-1-x86_64-macos/toolchain/zig-x86_64-macos-0.16.0/lib",
    .std_dir = "/Users/runner/work/_temp/zcr-native-34681109500-1-x86_64-macos/toolchain/zig-x86_64-macos-0.16.0/lib/std",
    .global_cache_dir = "/Users/runner/work/_temp/zcr-native-34681109500-1-x86_64-macos/bootstrap/global-cache",
    .version = "0.16.0",
    .target = "x86_64-macos.15.7.9...15.7.9-none",
    .env = .{
        .ZIG_GLOBAL_CACHE_DIR = "/Users/runner/work/_temp/zcr-native-34681109500-1-x86_64-macos/bootstrap/global-cache",
        .ZIG_LOCAL_CACHE_DIR = "/Users/runner/work/_temp/zcr-native-34681109500-1-x86_64-macos/bootstrap/local-cache",
        .ZIG_LIB_DIR = null,
        .ZIG_LIBC = null,
        .ZIG_BUILD_RUNNER = null,
        .ZIG_BUILD_ERROR_STYLE = null,
        .ZIG_BUILD_MULTILINE_ERRORS = null,
        .ZIG_VERBOSE_LINK = null,
        .ZIG_VERBOSE_CC = null,
        .ZIG_DEBUG_CMD = null,
        .ZIG_IS_DETECTING_LIBC_PATHS = null,
        .ZIG_IS_TRYING_TO_NOT_CALL_ITSELF = null,
        .NIX_CFLAGS_COMPILE = null,
        .NIX_CFLAGS_LINK = null,
        .NIX_LDFLAGS = null,
        .C_INCLUDE_PATH = null,
        .CPLUS_INCLUDE_PATH = null,
        .LIBRARY_PATH = null,
        .CC = null,
        .NO_COLOR = null,
        .CLICOLOR_FORCE = null,
        .XDG_CACHE_HOME = null,
        .LOCALAPPDATA = null,
        .HOME = "/Users/runner",
        .PROGRAMDATA = null,
        .HOMEBREW_PREFIX = null,
    },
}
